11-18 18:21:49 com_github_MitjaNemec_ReplicateLayout.action_replicate_layout 409:Plugin executed on: 'linux'
11-18 18:21:49 com_github_MitjaNemec_ReplicateLayout.action_replicate_layout 410:Plugin executed with python version: '3.12.3 (main, Aug 14 2025, 17:47:21) [GCC 13.3.0]'
11-18 18:21:49 com_github_MitjaNemec_ReplicateLayout.action_replicate_layout 411:KiCad build version: 9.0.6-9.0.6~ubuntu24.04.1
11-18 18:21:49 com_github_MitjaNemec_ReplicateLayout.action_replicate_layout 412:Plugin version: 4.0.3
11-18 18:21:49 com_github_MitjaNemec_ReplicateLayout.action_replicate_layout 413:Frame repr: <wx._core.Frame object at 0x742ad1d01490>
11-18 18:21:49 com_github_MitjaNemec_ReplicateLayout.action_replicate_layout 437:Preparing replicator with U1402 as a reference
11-18 18:21:49 com_github_MitjaNemec_ReplicateLayout.replicate_layout 117:getting a list of all footprints on board
11-18 18:21:49 com_github_MitjaNemec_ReplicateLayout.action_replicate_layout 485:source anchor footprint is 'U1402'
Located on: ['/Rx Front End/', '/Rx Front End/QSD0/']
With filenames: ['rx-signal-chain.kicad_sch', 'qsd.kicad_sch']
With sheet_id:['/Rx Front End/', '/Rx Front End/QSD0/']
11-18 18:21:49 com_github_MitjaNemec_ReplicateLayout.action_replicate_layout 492:Corresponding footprints are 
[('U1302', ['/Rx Front End/', '/Rx Front End/QSD2/']), ('U1202', ['/Rx Front End/', '/Rx Front End/QSD1/']), ('U1402', ['/Rx Front End/', '/Rx Front End/QSD0/'])]
11-18 18:21:49 com_github_MitjaNemec_ReplicateLayout.action_replicate_layout 504:Showing dialog
11-18 18:21:49 com_github_MitjaNemec_ReplicateLayout.replicate_layout 472:constructing a list of sheets suitable for replication on level:'/Rx Front End/QSD0/', file:'qsd.kicad_sch'
11-18 18:21:49 com_github_MitjaNemec_ReplicateLayout.replicate_layout 509:suitable sheets are:[['/Rx Front End/', '/Rx Front End/QSD1/'], ['/Rx Front End/', '/Rx Front End/QSD2/']]
11-18 18:21:49 com_github_MitjaNemec_ReplicateLayout.replicate_layout 1512:Level selected: ['/Rx Front End/', '/Rx Front End/QSD0/']
11-18 18:21:49 com_github_MitjaNemec_ReplicateLayout.replicate_layout 1336:Filtering list of tracks
11-18 18:21:49 com_github_MitjaNemec_ReplicateLayout.action_replicate_layout 510:Toolbar position: wx.Point(3406, 91)
11-18 18:21:49 com_github_MitjaNemec_ReplicateLayout.action_replicate_layout 515:Dialog position: wx.Point(2967, 91)
11-18 18:22:07 com_github_MitjaNemec_ReplicateLayout.replicate_layout 472:constructing a list of sheets suitable for replication on level:'/Rx Front End/QSD0/', file:'qsd.kicad_sch'
11-18 18:22:07 com_github_MitjaNemec_ReplicateLayout.replicate_layout 509:suitable sheets are:[['/Rx Front End/', '/Rx Front End/QSD1/'], ['/Rx Front End/', '/Rx Front End/QSD2/']]
11-18 18:22:07 com_github_MitjaNemec_ReplicateLayout.action_replicate_layout 248:Replicating layout
11-18 18:22:07 com_github_MitjaNemec_ReplicateLayout.replicate_layout 288:Starting replication of sheets: [['/Rx Front End/', '/Rx Front End/QSD1/'], ['/Rx Front End/', '/Rx Front End/QSD2/']]
on level: ['/Rx Front End/', '/Rx Front End/QSD0/']
with tracks=True, zone=True, text=True, text=True, intersecting=False, remove=False, locked footprints=False, group_only=False
11-18 18:22:07 root 340:updating GUI message: 'Preparing for replication'
11-18 18:22:07 root 345:updating GUI with: 0
11-18 18:22:07 com_github_MitjaNemec_ReplicateLayout.replicate_layout 358:Getting the list of source footprints
11-18 18:22:07 root 345:updating GUI with: 0
11-18 18:22:07 com_github_MitjaNemec_ReplicateLayout.replicate_layout 368:Getting the list of all the remaining footprints
11-18 18:22:07 com_github_MitjaNemec_ReplicateLayout.replicate_layout 375:Getting source tracks
11-18 18:22:07 com_github_MitjaNemec_ReplicateLayout.replicate_layout 1336:Filtering list of tracks
11-18 18:22:07 com_github_MitjaNemec_ReplicateLayout.replicate_layout 379:Getting source zones
11-18 18:22:07 root 345:updating GUI with: 50
11-18 18:22:07 com_github_MitjaNemec_ReplicateLayout.replicate_layout 383:Getting source text items
11-18 18:22:07 root 345:updating GUI with: 66
11-18 18:22:07 com_github_MitjaNemec_ReplicateLayout.replicate_layout 387:Getting source drawing items
11-18 18:22:07 root 340:updating GUI message: 'Replicating footprints'
11-18 18:22:07 root 345:updating GUI with: 0
11-18 18:22:07 com_github_MitjaNemec_ReplicateLayout.replicate_layout 863:Replicating footprints
11-18 18:22:07 com_github_MitjaNemec_ReplicateLayout.replicate_layout 870:Replicating footprints on sheet ['/Rx Front End/', '/Rx Front End/QSD1/']
11-18 18:22:07 com_github_MitjaNemec_ReplicateLayout.replicate_layout 835:Src fp.id: 'BB7F9B04-B5E0-487F-9DFA-0579D13220E1'
11-18 18:22:07 com_github_MitjaNemec_ReplicateLayout.replicate_layout 839:Dst fp.id: 'BB7F9B04-B5E0-487F-9DFA-0579D13220E1'
11-18 18:22:07 com_github_MitjaNemec_ReplicateLayout.replicate_layout 888:Replicating footprint: 'U1402'
11-18 18:22:07 com_github_MitjaNemec_ReplicateLayout.replicate_layout 835:Src fp.id: 'BB7F9B04-B5E0-487F-9DFA-0579D13220E1'
11-18 18:22:07 com_github_MitjaNemec_ReplicateLayout.replicate_layout 839:Dst fp.id: 'BB7F9B04-B5E0-487F-9DFA-0579D13220E1'
11-18 18:22:07 com_github_MitjaNemec_ReplicateLayout.replicate_layout 895:found match in dst footprint: 'U1202'
11-18 18:22:07 com_github_MitjaNemec_ReplicateLayout.replicate_layout 990:Src text UUid:eb9c408e-1f90-4971-9274-046ff531dfaf
11-18 18:22:07 com_github_MitjaNemec_ReplicateLayout.replicate_layout 991:Dst text UUid:a05feb8c-f3cf-4d37-bc65-39f48bd16a87
11-18 18:22:07 com_github_MitjaNemec_ReplicateLayout.replicate_layout 990:Src text UUid:76184e0f-06d1-4f69-ae00-e5fbaa372f8e
11-18 18:22:07 com_github_MitjaNemec_ReplicateLayout.replicate_layout 991:Dst text UUid:b6c5367f-3e21-4d6d-b397-1c46dd1801cd
11-18 18:22:07 com_github_MitjaNemec_ReplicateLayout.replicate_layout 990:Src text UUid:e16139eb-b97c-4213-b327-8e79d948d306
11-18 18:22:07 com_github_MitjaNemec_ReplicateLayout.replicate_layout 991:Dst text UUid:5a7b1080-3a6b-4eb8-8846-72b3c92d7968
11-18 18:22:07 com_github_MitjaNemec_ReplicateLayout.replicate_layout 888:Replicating footprint: 'R1412'
11-18 18:22:07 com_github_MitjaNemec_ReplicateLayout.replicate_layout 835:Src fp.id: 'BCAFE424-8D84-4D5B-8A1A-BAC2726F37B8'
11-18 18:22:07 com_github_MitjaNemec_ReplicateLayout.replicate_layout 839:Dst fp.id: 'BCAFE424-8D84-4D5B-8A1A-BAC2726F37B8'
11-18 18:22:07 com_github_MitjaNemec_ReplicateLayout.replicate_layout 895:found match in dst footprint: 'R1212'
11-18 18:22:07 com_github_MitjaNemec_ReplicateLayout.replicate_layout 990:Src text UUid:289b10c2-bdc5-432a-902b-2e8d5d0634c2
11-18 18:22:07 com_github_MitjaNemec_ReplicateLayout.replicate_layout 991:Dst text UUid:060eb5c7-8041-4381-82ee-fd31baa3e683
11-18 18:22:07 com_github_MitjaNemec_ReplicateLayout.replicate_layout 990:Src text UUid:242ccd01-25ff-482f-8296-8ced06b67c82
11-18 18:22:07 com_github_MitjaNemec_ReplicateLayout.replicate_layout 991:Dst text UUid:4f40293b-e2fd-41cd-b569-4787ae271890
11-18 18:22:07 com_github_MitjaNemec_ReplicateLayout.replicate_layout 990:Src text UUid:1fb0c4cf-6bb6-4919-b1eb-05b14716df7c
11-18 18:22:07 com_github_MitjaNemec_ReplicateLayout.replicate_layout 991:Dst text UUid:8a56bc7e-18a7-4c2e-bc28-e5ee9e647cc7
11-18 18:22:07 com_github_MitjaNemec_ReplicateLayout.replicate_layout 888:Replicating footprint: 'C1418'
11-18 18:22:07 com_github_MitjaNemec_ReplicateLayout.replicate_layout 835:Src fp.id: '18541129-B2A1-4D71-A984-351EE5593E63'
11-18 18:22:07 com_github_MitjaNemec_ReplicateLayout.replicate_layout 839:Dst fp.id: '18541129-B2A1-4D71-A984-351EE5593E63'
11-18 18:22:07 com_github_MitjaNemec_ReplicateLayout.replicate_layout 895:found match in dst footprint: 'C1218'
11-18 18:22:07 com_github_MitjaNemec_ReplicateLayout.replicate_layout 990:Src text UUid:e88f1b87-4be8-47ca-b620-63d8feb139af
11-18 18:22:07 com_github_MitjaNemec_ReplicateLayout.replicate_layout 991:Dst text UUid:ce95f90b-2ab0-4a5d-8433-b9ec1f250fc7
11-18 18:22:07 com_github_MitjaNemec_ReplicateLayout.replicate_layout 990:Src text UUid:ef5516f5-82fb-4cad-b78e-d1f71712592e
11-18 18:22:07 com_github_MitjaNemec_ReplicateLayout.replicate_layout 991:Dst text UUid:3cda7050-ea3b-41d5-ae6e-83284edeb06e
11-18 18:22:07 com_github_MitjaNemec_ReplicateLayout.replicate_layout 990:Src text UUid:9f92ae93-1f5a-4ce6-91ab-56ea50c59b39
11-18 18:22:07 com_github_MitjaNemec_ReplicateLayout.replicate_layout 991:Dst text UUid:a0850b4c-2ce4-420b-88e6-9c035306a378
11-18 18:22:07 com_github_MitjaNemec_ReplicateLayout.replicate_layout 888:Replicating footprint: 'R1404'
11-18 18:22:07 com_github_MitjaNemec_ReplicateLayout.replicate_layout 835:Src fp.id: '0314F0AD-8EAA-4E86-AE4F-301DA5BAFBD8'
11-18 18:22:07 com_github_MitjaNemec_ReplicateLayout.replicate_layout 839:Dst fp.id: '0314F0AD-8EAA-4E86-AE4F-301DA5BAFBD8'
11-18 18:22:07 com_github_MitjaNemec_ReplicateLayout.replicate_layout 895:found match in dst footprint: 'R1204'
11-18 18:22:07 com_github_MitjaNemec_ReplicateLayout.replicate_layout 990:Src text UUid:35aa96ea-4fe7-4009-b608-cf267b08b10b
11-18 18:22:07 com_github_MitjaNemec_ReplicateLayout.replicate_layout 991:Dst text UUid:a66a6035-f3cd-4af7-a810-587e3445e783
11-18 18:22:07 com_github_MitjaNemec_ReplicateLayout.replicate_layout 990:Src text UUid:87842f9c-2262-4ba2-aab5-145989f01073
11-18 18:22:07 com_github_MitjaNemec_ReplicateLayout.replicate_layout 991:Dst text UUid:f58d53b2-b6b1-4249-8a1d-199b2996950e
11-18 18:22:07 com_github_MitjaNemec_ReplicateLayout.replicate_layout 990:Src text UUid:b896aa5b-3183-422b-85ab-df176a479780
11-18 18:22:07 com_github_MitjaNemec_ReplicateLayout.replicate_layout 991:Dst text UUid:1e2b4f7c-e4a6-4311-b6f8-14cbb13e71cb
11-18 18:22:07 com_github_MitjaNemec_ReplicateLayout.replicate_layout 888:Replicating footprint: 'C1416'
11-18 18:22:07 com_github_MitjaNemec_ReplicateLayout.replicate_layout 835:Src fp.id: '94460E8B-BBA7-418A-8B79-15BD9FBB2081'
11-18 18:22:07 com_github_MitjaNemec_ReplicateLayout.replicate_layout 839:Dst fp.id: '94460E8B-BBA7-418A-8B79-15BD9FBB2081'
11-18 18:22:07 com_github_MitjaNemec_ReplicateLayout.replicate_layout 895:found match in dst footprint: 'C1216'
11-18 18:22:07 com_github_MitjaNemec_ReplicateLayout.replicate_layout 990:Src text UUid:abb75728-4b78-4ff3-8df4-56f8c6553916
11-18 18:22:07 com_github_MitjaNemec_ReplicateLayout.replicate_layout 991:Dst text UUid:5b8ab171-0d96-4847-880d-c250203da783
11-18 18:22:07 com_github_MitjaNemec_ReplicateLayout.replicate_layout 990:Src text UUid:dcb51569-b64d-4893-8cf0-040721ed4206
11-18 18:22:07 com_github_MitjaNemec_ReplicateLayout.replicate_layout 991:Dst text UUid:4ca3e508-e574-465c-a9bd-05e3d58b7134
11-18 18:22:07 com_github_MitjaNemec_ReplicateLayout.replicate_layout 990:Src text UUid:523a1a34-a8db-4c43-a5f6-b4fa2a337812
11-18 18:22:07 com_github_MitjaNemec_ReplicateLayout.replicate_layout 991:Dst text UUid:bcbf0924-962d-42be-9f45-d2bc19fc1193
11-18 18:22:07 com_github_MitjaNemec_ReplicateLayout.replicate_layout 888:Replicating footprint: 'C1409'
11-18 18:22:07 com_github_MitjaNemec_ReplicateLayout.replicate_layout 835:Src fp.id: 'C6C2E9DD-E06C-4763-82BB-DD9C985BFB6A'
11-18 18:22:07 com_github_MitjaNemec_ReplicateLayout.replicate_layout 839:Dst fp.id: 'C6C2E9DD-E06C-4763-82BB-DD9C985BFB6A'
11-18 18:22:07 com_github_MitjaNemec_ReplicateLayout.replicate_layout 895:found match in dst footprint: 'C1209'
11-18 18:22:07 com_github_MitjaNemec_ReplicateLayout.replicate_layout 990:Src text UUid:826365e8-ad33-42eb-8c7a-d48746914eb5
11-18 18:22:07 com_github_MitjaNemec_ReplicateLayout.replicate_layout 991:Dst text UUid:ca489995-2c87-4728-b3f4-252e4a0fb550
11-18 18:22:07 com_github_MitjaNemec_ReplicateLayout.replicate_layout 990:Src text UUid:7c476b44-e27f-4caf-9fc3-ef90a4788afa
11-18 18:22:07 com_github_MitjaNemec_ReplicateLayout.replicate_layout 991:Dst text UUid:eb6ebff3-04ed-4864-af98-8746d6b7d778
11-18 18:22:07 com_github_MitjaNemec_ReplicateLayout.replicate_layout 990:Src text UUid:97e198e2-e1b0-4bb0-8b97-042260fd1cd0
11-18 18:22:07 com_github_MitjaNemec_ReplicateLayout.replicate_layout 991:Dst text UUid:f17fea4a-c14e-410d-b6fd-525d874a3f99
11-18 18:22:07 com_github_MitjaNemec_ReplicateLayout.replicate_layout 888:Replicating footprint: 'R1409'
11-18 18:22:07 com_github_MitjaNemec_ReplicateLayout.replicate_layout 835:Src fp.id: '13FDBBDE-27F1-49B8-8332-E4B4DF1F918F'
11-18 18:22:07 com_github_MitjaNemec_ReplicateLayout.replicate_layout 839:Dst fp.id: '13FDBBDE-27F1-49B8-8332-E4B4DF1F918F'
11-18 18:22:07 com_github_MitjaNemec_ReplicateLayout.replicate_layout 895:found match in dst footprint: 'R1209'
11-18 18:22:07 com_github_MitjaNemec_ReplicateLayout.replicate_layout 990:Src text UUid:21d16b04-6f3c-4fb1-9dfc-b4438c25509e
11-18 18:22:07 com_github_MitjaNemec_ReplicateLayout.replicate_layout 991:Dst text UUid:afd922db-0df9-4e69-9362-0f8db6fca78c
11-18 18:22:07 com_github_MitjaNemec_ReplicateLayout.replicate_layout 990:Src text UUid:949de78d-de15-409d-95a3-421816f1be83
11-18 18:22:07 com_github_MitjaNemec_ReplicateLayout.replicate_layout 991:Dst text UUid:e2082774-33fb-4665-b487-eb217256782e
11-18 18:22:07 com_github_MitjaNemec_ReplicateLayout.replicate_layout 990:Src text UUid:e78523fd-3c88-4625-9efc-c49fac1fbdf5
11-18 18:22:07 com_github_MitjaNemec_ReplicateLayout.replicate_layout 991:Dst text UUid:77338e5b-6e79-4c0d-8a0a-a0ca85a47791
11-18 18:22:07 com_github_MitjaNemec_ReplicateLayout.replicate_layout 888:Replicating footprint: 'U1403'
11-18 18:22:07 com_github_MitjaNemec_ReplicateLayout.replicate_layout 835:Src fp.id: '90C43409-6158-4766-81FA-44826FB3A226'
11-18 18:22:07 com_github_MitjaNemec_ReplicateLayout.replicate_layout 839:Dst fp.id: '90C43409-6158-4766-81FA-44826FB3A226'
11-18 18:22:07 com_github_MitjaNemec_ReplicateLayout.replicate_layout 895:found match in dst footprint: 'U1203'
11-18 18:22:07 com_github_MitjaNemec_ReplicateLayout.replicate_layout 990:Src text UUid:d9d4982c-d6d1-40c9-90a2-6bfec6c0e91a
11-18 18:22:07 com_github_MitjaNemec_ReplicateLayout.replicate_layout 991:Dst text UUid:c6ac66f9-50e3-44c2-9f46-46a6349dbf86
11-18 18:22:07 com_github_MitjaNemec_ReplicateLayout.replicate_layout 990:Src text UUid:f8f0194a-baf0-4365-bc00-7b6f2a2c1d54
11-18 18:22:07 com_github_MitjaNemec_ReplicateLayout.replicate_layout 991:Dst text UUid:82464c6e-ed7d-4cde-9497-966fd4999adb
11-18 18:22:07 com_github_MitjaNemec_ReplicateLayout.replicate_layout 990:Src text UUid:0878fa8b-089e-460b-b251-f7a4e9e235b2
11-18 18:22:07 com_github_MitjaNemec_ReplicateLayout.replicate_layout 991:Dst text UUid:cf5ab346-1b87-4832-935e-c7501e93de81
11-18 18:22:07 com_github_MitjaNemec_ReplicateLayout.replicate_layout 888:Replicating footprint: 'R1403'
11-18 18:22:07 com_github_MitjaNemec_ReplicateLayout.replicate_layout 835:Src fp.id: 'CC0B35F1-20AF-46F7-A2AB-8BF518AE57A2'
11-18 18:22:07 com_github_MitjaNemec_ReplicateLayout.replicate_layout 839:Dst fp.id: 'CC0B35F1-20AF-46F7-A2AB-8BF518AE57A2'
11-18 18:22:07 com_github_MitjaNemec_ReplicateLayout.replicate_layout 895:found match in dst footprint: 'R1203'
11-18 18:22:07 com_github_MitjaNemec_ReplicateLayout.replicate_layout 990:Src text UUid:c91c8040-fe36-4f25-a190-1c66d388560e
11-18 18:22:07 com_github_MitjaNemec_ReplicateLayout.replicate_layout 991:Dst text UUid:cf6e421d-a54d-4fbc-ace8-11a487f06bae
11-18 18:22:07 com_github_MitjaNemec_ReplicateLayout.replicate_layout 990:Src text UUid:3e80437b-655b-460c-8030-e18266679bea
11-18 18:22:07 com_github_MitjaNemec_ReplicateLayout.replicate_layout 991:Dst text UUid:aeee5a56-fb6a-4db5-bf55-9cc0e40925dc
11-18 18:22:07 com_github_MitjaNemec_ReplicateLayout.replicate_layout 990:Src text UUid:8da018bd-1030-4526-a848-befc028bcca9
11-18 18:22:07 com_github_MitjaNemec_ReplicateLayout.replicate_layout 991:Dst text UUid:54f67076-be2e-42dc-909c-0f82eae8e116
11-18 18:22:07 com_github_MitjaNemec_ReplicateLayout.replicate_layout 888:Replicating footprint: 'C1415'
11-18 18:22:07 com_github_MitjaNemec_ReplicateLayout.replicate_layout 835:Src fp.id: '21499248-8C07-47FD-AA61-7CA6CAFBEC53'
11-18 18:22:07 com_github_MitjaNemec_ReplicateLayout.replicate_layout 839:Dst fp.id: '21499248-8C07-47FD-AA61-7CA6CAFBEC53'
11-18 18:22:07 com_github_MitjaNemec_ReplicateLayout.replicate_layout 895:found match in dst footprint: 'C1215'
11-18 18:22:07 com_github_MitjaNemec_ReplicateLayout.replicate_layout 990:Src text UUid:63b1e4ec-4a24-4689-8261-d804ede58869
11-18 18:22:07 com_github_MitjaNemec_ReplicateLayout.replicate_layout 991:Dst text UUid:6b950099-e6af-4707-869a-5a8907af38ec
11-18 18:22:07 com_github_MitjaNemec_ReplicateLayout.replicate_layout 990:Src text UUid:39852346-3d00-415f-be13-ecc20d762144
11-18 18:22:07 com_github_MitjaNemec_ReplicateLayout.replicate_layout 991:Dst text UUid:f505714f-3764-482b-977a-ecc9c77e7255
11-18 18:22:07 com_github_MitjaNemec_ReplicateLayout.replicate_layout 990:Src text UUid:1f3aff6b-7a01-4bd0-9ca3-3aa273650111
11-18 18:22:07 com_github_MitjaNemec_ReplicateLayout.replicate_layout 991:Dst text UUid:da576dfb-f2e8-4daf-b64d-84bca152ff7e
11-18 18:22:07 com_github_MitjaNemec_ReplicateLayout.replicate_layout 888:Replicating footprint: 'C1402'
11-18 18:22:07 root 345:updating GUI with: 16
11-18 18:22:07 com_github_MitjaNemec_ReplicateLayout.replicate_layout 835:Src fp.id: '0877CDD6-4081-446F-9237-9A87D724CFCB'
11-18 18:22:07 com_github_MitjaNemec_ReplicateLayout.replicate_layout 839:Dst fp.id: '0877CDD6-4081-446F-9237-9A87D724CFCB'
11-18 18:22:07 com_github_MitjaNemec_ReplicateLayout.replicate_layout 895:found match in dst footprint: 'C1202'
11-18 18:22:07 com_github_MitjaNemec_ReplicateLayout.replicate_layout 990:Src text UUid:3297d414-93a2-4d0c-be5d-dd3c4d5aa35a
11-18 18:22:07 com_github_MitjaNemec_ReplicateLayout.replicate_layout 991:Dst text UUid:16a1c9a2-19c8-4372-a7ee-51035d223c36
11-18 18:22:07 com_github_MitjaNemec_ReplicateLayout.replicate_layout 990:Src text UUid:8bcba56a-17dc-4fc6-b002-285e927aea87
11-18 18:22:07 com_github_MitjaNemec_ReplicateLayout.replicate_layout 991:Dst text UUid:d3d6013a-23fe-44e0-9b22-30849a72a789
11-18 18:22:07 com_github_MitjaNemec_ReplicateLayout.replicate_layout 990:Src text UUid:cb9c957c-816a-4e19-8082-311ef66695c6
11-18 18:22:07 com_github_MitjaNemec_ReplicateLayout.replicate_layout 991:Dst text UUid:e90518ea-aaf4-4ddd-9b0d-81a28d4b439f
11-18 18:22:07 com_github_MitjaNemec_ReplicateLayout.replicate_layout 888:Replicating footprint: 'C1412'
11-18 18:22:07 com_github_MitjaNemec_ReplicateLayout.replicate_layout 835:Src fp.id: '7B8016AC-17EB-4597-9998-C4E42087D39F'
11-18 18:22:07 com_github_MitjaNemec_ReplicateLayout.replicate_layout 839:Dst fp.id: '7B8016AC-17EB-4597-9998-C4E42087D39F'
11-18 18:22:07 com_github_MitjaNemec_ReplicateLayout.replicate_layout 895:found match in dst footprint: 'C1212'
11-18 18:22:07 com_github_MitjaNemec_ReplicateLayout.replicate_layout 990:Src text UUid:1639d32d-c850-4703-b47d-30e9c20bd997
11-18 18:22:07 com_github_MitjaNemec_ReplicateLayout.replicate_layout 991:Dst text UUid:fcc550a8-648f-4b59-bcd5-90c71cbd6d0b
11-18 18:22:07 com_github_MitjaNemec_ReplicateLayout.replicate_layout 990:Src text UUid:31d85fca-9621-4043-a37e-f57b5f601732
11-18 18:22:07 com_github_MitjaNemec_ReplicateLayout.replicate_layout 991:Dst text UUid:f15a68d7-733b-4816-9ba5-90cccca9ac4b
11-18 18:22:07 com_github_MitjaNemec_ReplicateLayout.replicate_layout 990:Src text UUid:0d4ca0a9-8055-4807-9fb8-40a621ab249c
11-18 18:22:07 com_github_MitjaNemec_ReplicateLayout.replicate_layout 991:Dst text UUid:0005ed69-22fc-4430-9ffb-2c64da676208
11-18 18:22:07 com_github_MitjaNemec_ReplicateLayout.replicate_layout 888:Replicating footprint: 'C1408'
11-18 18:22:07 com_github_MitjaNemec_ReplicateLayout.replicate_layout 835:Src fp.id: 'ADA6547E-77E1-4A8D-8A2E-49B661E78214'
11-18 18:22:07 com_github_MitjaNemec_ReplicateLayout.replicate_layout 839:Dst fp.id: 'ADA6547E-77E1-4A8D-8A2E-49B661E78214'
11-18 18:22:07 com_github_MitjaNemec_ReplicateLayout.replicate_layout 895:found match in dst footprint: 'C1208'
11-18 18:22:07 com_github_MitjaNemec_ReplicateLayout.replicate_layout 990:Src text UUid:210fb7f3-fe54-4ac7-8e03-1339cc32ef22
11-18 18:22:07 com_github_MitjaNemec_ReplicateLayout.replicate_layout 991:Dst text UUid:b699a016-fd4b-4e93-91a1-f497ed5c8c75
11-18 18:22:07 com_github_MitjaNemec_ReplicateLayout.replicate_layout 990:Src text UUid:6f5afcd1-08ca-4ba5-a938-764973a2baf0
11-18 18:22:07 com_github_MitjaNemec_ReplicateLayout.replicate_layout 991:Dst text UUid:202e4310-3718-4377-a53e-305302a5d1e2
11-18 18:22:07 com_github_MitjaNemec_ReplicateLayout.replicate_layout 990:Src text UUid:12617685-2247-4f76-ac10-5799f3fb2cdf
11-18 18:22:07 com_github_MitjaNemec_ReplicateLayout.replicate_layout 991:Dst text UUid:6eb1f19b-7322-4f09-9738-45e2d07f9795
11-18 18:22:07 com_github_MitjaNemec_ReplicateLayout.replicate_layout 888:Replicating footprint: 'C1411'
11-18 18:22:07 com_github_MitjaNemec_ReplicateLayout.replicate_layout 835:Src fp.id: '05AF2F7B-002A-4FAD-ADDE-C93860BC479F'
11-18 18:22:07 com_github_MitjaNemec_ReplicateLayout.replicate_layout 839:Dst fp.id: '05AF2F7B-002A-4FAD-ADDE-C93860BC479F'
11-18 18:22:07 com_github_MitjaNemec_ReplicateLayout.replicate_layout 895:found match in dst footprint: 'C1211'
11-18 18:22:07 com_github_MitjaNemec_ReplicateLayout.replicate_layout 990:Src text UUid:63ce47fb-5d03-499d-9b0e-bdf2bc5a2ba9
11-18 18:22:07 com_github_MitjaNemec_ReplicateLayout.replicate_layout 991:Dst text UUid:7452cb8c-bff4-4edd-a95a-390fd2d64757
11-18 18:22:07 com_github_MitjaNemec_ReplicateLayout.replicate_layout 990:Src text UUid:c88d54e0-b8c4-43e9-9af3-6f937331f97c
11-18 18:22:07 com_github_MitjaNemec_ReplicateLayout.replicate_layout 991:Dst text UUid:2a1a511d-7d66-4ee0-9cd1-f2dafd4b965b
11-18 18:22:07 com_github_MitjaNemec_ReplicateLayout.replicate_layout 990:Src text UUid:c8e1e9a3-b97f-46bd-b8c1-8136f0f54c39
11-18 18:22:07 com_github_MitjaNemec_ReplicateLayout.replicate_layout 991:Dst text UUid:2ef49bd7-1c8c-4a50-9be3-7d5b8c00dfa5
11-18 18:22:07 com_github_MitjaNemec_ReplicateLayout.replicate_layout 888:Replicating footprint: 'C1413'
11-18 18:22:07 com_github_MitjaNemec_ReplicateLayout.replicate_layout 835:Src fp.id: '0DF75AD6-9DA1-42B9-A307-BC824F2856D9'
11-18 18:22:07 com_github_MitjaNemec_ReplicateLayout.replicate_layout 839:Dst fp.id: '0DF75AD6-9DA1-42B9-A307-BC824F2856D9'
11-18 18:22:07 com_github_MitjaNemec_ReplicateLayout.replicate_layout 895:found match in dst footprint: 'C1213'
11-18 18:22:07 com_github_MitjaNemec_ReplicateLayout.replicate_layout 990:Src text UUid:c3fcb649-01f7-4cd5-97ac-d56e53ccc79d
11-18 18:22:07 com_github_MitjaNemec_ReplicateLayout.replicate_layout 991:Dst text UUid:b0262f3a-b6f3-4850-905a-c911418967a4
11-18 18:22:07 com_github_MitjaNemec_ReplicateLayout.replicate_layout 990:Src text UUid:4ae14db3-211c-4a05-8f76-6aee2e96b434
11-18 18:22:07 com_github_MitjaNemec_ReplicateLayout.replicate_layout 991:Dst text UUid:5bc7f894-17bb-42a6-81ff-b6afd63d6cbc
11-18 18:22:07 com_github_MitjaNemec_ReplicateLayout.replicate_layout 990:Src text UUid:e295465d-f3d3-4801-901d-ad624f1f0338
11-18 18:22:07 com_github_MitjaNemec_ReplicateLayout.replicate_layout 991:Dst text UUid:27bb9554-4c7f-4302-b764-d6acfa3ec63e
11-18 18:22:07 com_github_MitjaNemec_ReplicateLayout.replicate_layout 888:Replicating footprint: 'U1404'
11-18 18:22:07 com_github_MitjaNemec_ReplicateLayout.replicate_layout 835:Src fp.id: 'EAB20E87-7E03-4C4F-AF85-A8ECAB924580'
11-18 18:22:07 com_github_MitjaNemec_ReplicateLayout.replicate_layout 839:Dst fp.id: 'EAB20E87-7E03-4C4F-AF85-A8ECAB924580'
11-18 18:22:07 com_github_MitjaNemec_ReplicateLayout.replicate_layout 895:found match in dst footprint: 'U1204'
11-18 18:22:07 com_github_MitjaNemec_ReplicateLayout.replicate_layout 990:Src text UUid:130c4cca-b4c3-4924-8bc0-0d6ad673fbdb
11-18 18:22:07 com_github_MitjaNemec_ReplicateLayout.replicate_layout 991:Dst text UUid:59cb96f9-3510-4f95-a3cf-a1cd26018044
11-18 18:22:07 com_github_MitjaNemec_ReplicateLayout.replicate_layout 990:Src text UUid:05347a85-8479-4a08-828f-8a903acba4f5
11-18 18:22:07 com_github_MitjaNemec_ReplicateLayout.replicate_layout 991:Dst text UUid:182a4bf5-2abb-4a24-9acf-9d5fcdb98573
11-18 18:22:07 com_github_MitjaNemec_ReplicateLayout.replicate_layout 990:Src text UUid:b56fa86a-956a-4047-9c92-a216ff1cadd8
11-18 18:22:07 com_github_MitjaNemec_ReplicateLayout.replicate_layout 991:Dst text UUid:0b532598-8d07-4adf-a2cf-407c0ba396af
11-18 18:22:07 com_github_MitjaNemec_ReplicateLayout.replicate_layout 888:Replicating footprint: 'R1402'
11-18 18:22:07 com_github_MitjaNemec_ReplicateLayout.replicate_layout 835:Src fp.id: '4771082D-B75F-4830-976A-69182E027397'
11-18 18:22:07 com_github_MitjaNemec_ReplicateLayout.replicate_layout 839:Dst fp.id: '4771082D-B75F-4830-976A-69182E027397'
11-18 18:22:07 com_github_MitjaNemec_ReplicateLayout.replicate_layout 895:found match in dst footprint: 'R1202'
11-18 18:22:07 com_github_MitjaNemec_ReplicateLayout.replicate_layout 990:Src text UUid:7da8473e-cbac-4920-9521-7fc090ca970c
11-18 18:22:07 com_github_MitjaNemec_ReplicateLayout.replicate_layout 991:Dst text UUid:9a5eb7b7-f0ed-4069-a786-208462077d9d
11-18 18:22:07 com_github_MitjaNemec_ReplicateLayout.replicate_layout 990:Src text UUid:9fda4caf-7a7f-4530-ab86-3b5497193ea9
11-18 18:22:07 com_github_MitjaNemec_ReplicateLayout.replicate_layout 991:Dst text UUid:f0c0955f-ae54-4fde-82a3-c47bf54ff8c8
11-18 18:22:07 com_github_MitjaNemec_ReplicateLayout.replicate_layout 990:Src text UUid:413c7d27-0e89-4049-a5b8-d984f4aa34fd
11-18 18:22:07 com_github_MitjaNemec_ReplicateLayout.replicate_layout 991:Dst text UUid:f14f4ca5-9d6d-46bf-841d-d2933e68984e
11-18 18:22:07 com_github_MitjaNemec_ReplicateLayout.replicate_layout 888:Replicating footprint: 'C1406'
11-18 18:22:07 com_github_MitjaNemec_ReplicateLayout.replicate_layout 835:Src fp.id: 'AA7189DD-0B66-479B-A97A-24D760CEAE58'
11-18 18:22:07 com_github_MitjaNemec_ReplicateLayout.replicate_layout 839:Dst fp.id: 'AA7189DD-0B66-479B-A97A-24D760CEAE58'
11-18 18:22:07 com_github_MitjaNemec_ReplicateLayout.replicate_layout 895:found match in dst footprint: 'C1206'
11-18 18:22:07 com_github_MitjaNemec_ReplicateLayout.replicate_layout 990:Src text UUid:41604e56-87ba-4148-97a2-d51cb184267c
11-18 18:22:07 com_github_MitjaNemec_ReplicateLayout.replicate_layout 991:Dst text UUid:e100f841-dc0f-4893-9277-9134da910420
11-18 18:22:07 com_github_MitjaNemec_ReplicateLayout.replicate_layout 990:Src text UUid:137fed11-42d0-4dbc-b046-2ea7d1150fa8
11-18 18:22:07 com_github_MitjaNemec_ReplicateLayout.replicate_layout 991:Dst text UUid:ebdafaf7-d1cb-4641-b5f2-0eefaf3ffb18
11-18 18:22:07 com_github_MitjaNemec_ReplicateLayout.replicate_layout 990:Src text UUid:f7385899-88a5-4103-a9fb-80539907dbe2
11-18 18:22:07 com_github_MitjaNemec_ReplicateLayout.replicate_layout 991:Dst text UUid:0677ed95-5c0b-459f-aa55-90c7998ced75
11-18 18:22:07 com_github_MitjaNemec_ReplicateLayout.replicate_layout 888:Replicating footprint: 'C1417'
11-18 18:22:07 com_github_MitjaNemec_ReplicateLayout.replicate_layout 835:Src fp.id: 'A7563541-3CCE-4041-95E7-6DD7E4F16B33'
11-18 18:22:07 com_github_MitjaNemec_ReplicateLayout.replicate_layout 839:Dst fp.id: 'A7563541-3CCE-4041-95E7-6DD7E4F16B33'
11-18 18:22:07 com_github_MitjaNemec_ReplicateLayout.replicate_layout 895:found match in dst footprint: 'C1217'
11-18 18:22:07 com_github_MitjaNemec_ReplicateLayout.replicate_layout 990:Src text UUid:c8f287df-9105-49db-8ccf-a3cadabbe61e
11-18 18:22:07 com_github_MitjaNemec_ReplicateLayout.replicate_layout 991:Dst text UUid:f1303c62-0ae7-41c3-bf03-0358e4aed2ae
11-18 18:22:07 com_github_MitjaNemec_ReplicateLayout.replicate_layout 990:Src text UUid:a09ba13d-fd52-4878-b1e0-3e12e5665b96
11-18 18:22:07 com_github_MitjaNemec_ReplicateLayout.replicate_layout 991:Dst text UUid:9155f92f-9ca9-4730-93a1-2bfda5205afd
11-18 18:22:07 com_github_MitjaNemec_ReplicateLayout.replicate_layout 990:Src text UUid:652ae7bc-195d-470c-aac3-50b8e778ca42
11-18 18:22:07 com_github_MitjaNemec_ReplicateLayout.replicate_layout 991:Dst text UUid:d45934fd-2fdc-4f86-92ed-9d54b5bbad5c
11-18 18:22:07 com_github_MitjaNemec_ReplicateLayout.replicate_layout 888:Replicating footprint: 'R1411'
11-18 18:22:07 com_github_MitjaNemec_ReplicateLayout.replicate_layout 835:Src fp.id: 'C96C6D1A-0F28-4E1B-929B-2869305B34B1'
11-18 18:22:07 com_github_MitjaNemec_ReplicateLayout.replicate_layout 839:Dst fp.id: 'C96C6D1A-0F28-4E1B-929B-2869305B34B1'
11-18 18:22:07 com_github_MitjaNemec_ReplicateLayout.replicate_layout 895:found match in dst footprint: 'R1211'
11-18 18:22:07 com_github_MitjaNemec_ReplicateLayout.replicate_layout 990:Src text UUid:d4786ef1-75f5-4ffc-8558-dbb872dd61c1
11-18 18:22:07 com_github_MitjaNemec_ReplicateLayout.replicate_layout 991:Dst text UUid:2f28eda2-e1f1-421e-8de2-b5f6f9147203
11-18 18:22:07 com_github_MitjaNemec_ReplicateLayout.replicate_layout 990:Src text UUid:4389073f-e336-41cf-b76a-5d614e5aca20
11-18 18:22:07 com_github_MitjaNemec_ReplicateLayout.replicate_layout 991:Dst text UUid:c58385ef-a5a0-4c3e-afa4-c6d68c3a6c9f
11-18 18:22:07 com_github_MitjaNemec_ReplicateLayout.replicate_layout 990:Src text UUid:a0c6a61d-b4a3-4513-a8a3-79f35c9ad67c
11-18 18:22:07 com_github_MitjaNemec_ReplicateLayout.replicate_layout 991:Dst text UUid:00317234-68ed-4d79-97a5-1b408d6d2551
11-18 18:22:07 com_github_MitjaNemec_ReplicateLayout.replicate_layout 888:Replicating footprint: 'C1414'
11-18 18:22:07 com_github_MitjaNemec_ReplicateLayout.replicate_layout 835:Src fp.id: 'F731A081-DCCE-488F-ADFD-1B06460C29AF'
11-18 18:22:07 com_github_MitjaNemec_ReplicateLayout.replicate_layout 839:Dst fp.id: 'F731A081-DCCE-488F-ADFD-1B06460C29AF'
11-18 18:22:07 com_github_MitjaNemec_ReplicateLayout.replicate_layout 895:found match in dst footprint: 'C1214'
11-18 18:22:07 com_github_MitjaNemec_ReplicateLayout.replicate_layout 990:Src text UUid:8b302c52-5fa7-4ff0-97dd-65255602e724
11-18 18:22:07 com_github_MitjaNemec_ReplicateLayout.replicate_layout 991:Dst text UUid:4745f733-de4c-4855-9967-998c389e3c20
11-18 18:22:07 com_github_MitjaNemec_ReplicateLayout.replicate_layout 990:Src text UUid:813abf96-fe4e-4be6-9a13-ec91ed0f4ce1
11-18 18:22:07 com_github_MitjaNemec_ReplicateLayout.replicate_layout 991:Dst text UUid:153ba6ef-3a7f-48cb-9401-d6a0f4448219
11-18 18:22:07 com_github_MitjaNemec_ReplicateLayout.replicate_layout 990:Src text UUid:0cd2ddf2-0718-491f-b837-ba5f4f2bbff5
11-18 18:22:07 com_github_MitjaNemec_ReplicateLayout.replicate_layout 991:Dst text UUid:9d653ce6-e2dd-4fc4-8679-27483f3d8f6d
11-18 18:22:07 com_github_MitjaNemec_ReplicateLayout.replicate_layout 888:Replicating footprint: 'U1401'
11-18 18:22:07 com_github_MitjaNemec_ReplicateLayout.replicate_layout 835:Src fp.id: '6BDFCD78-ADB4-446C-92B4-B2ADD9ECC266'
11-18 18:22:07 com_github_MitjaNemec_ReplicateLayout.replicate_layout 839:Dst fp.id: '6BDFCD78-ADB4-446C-92B4-B2ADD9ECC266'
11-18 18:22:07 com_github_MitjaNemec_ReplicateLayout.replicate_layout 895:found match in dst footprint: 'U1201'
11-18 18:22:07 com_github_MitjaNemec_ReplicateLayout.replicate_layout 990:Src text UUid:531ea094-f8b9-4f3c-bafd-e4c28489a25f
11-18 18:22:07 com_github_MitjaNemec_ReplicateLayout.replicate_layout 991:Dst text UUid:a92fb8cf-6dfe-45f3-a730-55e7fb18f455
11-18 18:22:07 com_github_MitjaNemec_ReplicateLayout.replicate_layout 990:Src text UUid:e46825bd-a099-4510-b8be-9a680d3c0a3e
11-18 18:22:07 com_github_MitjaNemec_ReplicateLayout.replicate_layout 991:Dst text UUid:a254ada5-a8b3-4e52-8cd0-a71ff04ecf6a
11-18 18:22:07 com_github_MitjaNemec_ReplicateLayout.replicate_layout 990:Src text UUid:674bda37-0bcf-430c-8a8a-5494d6ee9e89
11-18 18:22:07 com_github_MitjaNemec_ReplicateLayout.replicate_layout 991:Dst text UUid:dba0b369-9ef5-47f4-bbd3-14e4a361b64b
11-18 18:22:07 com_github_MitjaNemec_ReplicateLayout.replicate_layout 888:Replicating footprint: 'R1406'
11-18 18:22:07 com_github_MitjaNemec_ReplicateLayout.replicate_layout 835:Src fp.id: '7C8A79CD-B579-44C5-9B64-4C555F45DB19'
11-18 18:22:07 com_github_MitjaNemec_ReplicateLayout.replicate_layout 839:Dst fp.id: '7C8A79CD-B579-44C5-9B64-4C555F45DB19'
11-18 18:22:07 com_github_MitjaNemec_ReplicateLayout.replicate_layout 895:found match in dst footprint: 'R1206'
11-18 18:22:07 com_github_MitjaNemec_ReplicateLayout.replicate_layout 990:Src text UUid:1e48af81-e418-4e6b-b3a5-a9b35ed41047
11-18 18:22:07 com_github_MitjaNemec_ReplicateLayout.replicate_layout 991:Dst text UUid:5a0e8743-3183-4ccc-af64-fae13da31b7e
11-18 18:22:07 com_github_MitjaNemec_ReplicateLayout.replicate_layout 990:Src text UUid:7c3f1828-c578-40da-94a8-f1648416962f
11-18 18:22:07 com_github_MitjaNemec_ReplicateLayout.replicate_layout 991:Dst text UUid:97582130-113e-412f-b590-db96978245c5
11-18 18:22:07 com_github_MitjaNemec_ReplicateLayout.replicate_layout 990:Src text UUid:a8dc6e63-88fb-46fb-9d64-4cee7126e482
11-18 18:22:07 com_github_MitjaNemec_ReplicateLayout.replicate_layout 991:Dst text UUid:5efff7b7-55f7-4a25-8aa7-c8fab4419592
11-18 18:22:07 com_github_MitjaNemec_ReplicateLayout.replicate_layout 888:Replicating footprint: 'R1408'
11-18 18:22:07 com_github_MitjaNemec_ReplicateLayout.replicate_layout 835:Src fp.id: '4CB64C10-FA77-4E2E-AC42-738F3F254E29'
11-18 18:22:07 com_github_MitjaNemec_ReplicateLayout.replicate_layout 839:Dst fp.id: '4CB64C10-FA77-4E2E-AC42-738F3F254E29'
11-18 18:22:07 com_github_MitjaNemec_ReplicateLayout.replicate_layout 895:found match in dst footprint: 'R1208'
11-18 18:22:07 com_github_MitjaNemec_ReplicateLayout.replicate_layout 990:Src text UUid:52c43b2d-e137-4af6-a53f-f00023b3b7f2
11-18 18:22:07 com_github_MitjaNemec_ReplicateLayout.replicate_layout 991:Dst text UUid:8f9398f9-ee31-46c5-8743-23aaed2e21da
11-18 18:22:07 com_github_MitjaNemec_ReplicateLayout.replicate_layout 990:Src text UUid:8544e49a-fe2f-4b81-b6d9-2231b10fa726
11-18 18:22:07 com_github_MitjaNemec_ReplicateLayout.replicate_layout 991:Dst text UUid:a1cd3976-d685-4195-946f-ec2450f5c4b2
11-18 18:22:07 com_github_MitjaNemec_ReplicateLayout.replicate_layout 990:Src text UUid:1fe77b3a-eed8-4bbc-9ab1-ac2de6df613e
11-18 18:22:07 com_github_MitjaNemec_ReplicateLayout.replicate_layout 991:Dst text UUid:cf62b4fb-34c2-4c03-a9c1-08b663092596
11-18 18:22:07 com_github_MitjaNemec_ReplicateLayout.replicate_layout 888:Replicating footprint: 'C1407'
11-18 18:22:07 com_github_MitjaNemec_ReplicateLayout.replicate_layout 835:Src fp.id: 'B3FDD74A-E00B-4AC6-B531-930CE876CDDC'
11-18 18:22:07 com_github_MitjaNemec_ReplicateLayout.replicate_layout 839:Dst fp.id: 'B3FDD74A-E00B-4AC6-B531-930CE876CDDC'
11-18 18:22:07 com_github_MitjaNemec_ReplicateLayout.replicate_layout 895:found match in dst footprint: 'C1207'
11-18 18:22:07 com_github_MitjaNemec_ReplicateLayout.replicate_layout 990:Src text UUid:4b55c746-3572-43e0-ab20-d9aadac5d94e
11-18 18:22:07 com_github_MitjaNemec_ReplicateLayout.replicate_layout 991:Dst text UUid:d040cadd-1662-42a0-9b3a-5290ace4b8b4
11-18 18:22:07 com_github_MitjaNemec_ReplicateLayout.replicate_layout 990:Src text UUid:cc27ade6-255a-41a5-aeb8-2710cc831883
11-18 18:22:07 com_github_MitjaNemec_ReplicateLayout.replicate_layout 991:Dst text UUid:d89f0c1a-5cc8-450d-bf8e-459c3f8433ab
11-18 18:22:07 com_github_MitjaNemec_ReplicateLayout.replicate_layout 990:Src text UUid:b779d4df-953d-42f1-b9c7-f588f2981338
11-18 18:22:07 com_github_MitjaNemec_ReplicateLayout.replicate_layout 991:Dst text UUid:efc4eb73-328e-4c4d-bd3b-b918af37997f
11-18 18:22:07 com_github_MitjaNemec_ReplicateLayout.replicate_layout 888:Replicating footprint: 'R1401'
11-18 18:22:07 root 345:updating GUI with: 38
11-18 18:22:07 com_github_MitjaNemec_ReplicateLayout.replicate_layout 835:Src fp.id: '883CCD34-7DFA-412E-B708-6CE707214F52'
11-18 18:22:07 com_github_MitjaNemec_ReplicateLayout.replicate_layout 839:Dst fp.id: '883CCD34-7DFA-412E-B708-6CE707214F52'
11-18 18:22:07 com_github_MitjaNemec_ReplicateLayout.replicate_layout 895:found match in dst footprint: 'R1201'
11-18 18:22:07 com_github_MitjaNemec_ReplicateLayout.replicate_layout 990:Src text UUid:4a36e008-c212-40a8-b087-9c4712b7d0a9
11-18 18:22:07 com_github_MitjaNemec_ReplicateLayout.replicate_layout 991:Dst text UUid:770f39a3-daa6-419a-8436-02b603e5d85e
11-18 18:22:07 com_github_MitjaNemec_ReplicateLayout.replicate_layout 990:Src text UUid:a9de75a6-4932-49de-86ca-de9d26df105a
11-18 18:22:07 com_github_MitjaNemec_ReplicateLayout.replicate_layout 991:Dst text UUid:14ad8231-7461-4a76-81bc-6b204be588ee
11-18 18:22:07 com_github_MitjaNemec_ReplicateLayout.replicate_layout 990:Src text UUid:378c6951-a4e8-4fba-9fc1-0cea1d9c123e
11-18 18:22:07 com_github_MitjaNemec_ReplicateLayout.replicate_layout 991:Dst text UUid:482d38dd-ab68-40aa-83f8-bf9352939da9
11-18 18:22:07 com_github_MitjaNemec_ReplicateLayout.replicate_layout 888:Replicating footprint: 'R1407'
11-18 18:22:07 com_github_MitjaNemec_ReplicateLayout.replicate_layout 835:Src fp.id: '95B317C3-BA8C-4A74-91F4-5EB1408B5112'
11-18 18:22:07 com_github_MitjaNemec_ReplicateLayout.replicate_layout 839:Dst fp.id: '95B317C3-BA8C-4A74-91F4-5EB1408B5112'
11-18 18:22:07 com_github_MitjaNemec_ReplicateLayout.replicate_layout 895:found match in dst footprint: 'R1207'
11-18 18:22:07 com_github_MitjaNemec_ReplicateLayout.replicate_layout 990:Src text UUid:602a636a-d43c-49d0-88c6-9d02e5fb4da0
11-18 18:22:07 com_github_MitjaNemec_ReplicateLayout.replicate_layout 991:Dst text UUid:3669db1f-f462-4ae4-b609-f61b6e9a58a0
11-18 18:22:07 com_github_MitjaNemec_ReplicateLayout.replicate_layout 990:Src text UUid:c14ff572-f6d7-49d2-952c-51f6d0f10bb5
11-18 18:22:07 com_github_MitjaNemec_ReplicateLayout.replicate_layout 991:Dst text UUid:c0d4e0b7-8c65-40ce-86c2-58b249cae3dc
11-18 18:22:07 com_github_MitjaNemec_ReplicateLayout.replicate_layout 990:Src text UUid:8194ecbb-a2d9-4602-b2e5-fdd7726f07ae
11-18 18:22:07 com_github_MitjaNemec_ReplicateLayout.replicate_layout 991:Dst text UUid:2679c145-4dba-4699-988b-0688d0f2b20c
11-18 18:22:07 com_github_MitjaNemec_ReplicateLayout.replicate_layout 888:Replicating footprint: 'C1410'
11-18 18:22:07 com_github_MitjaNemec_ReplicateLayout.replicate_layout 835:Src fp.id: '612F0471-9651-44BF-971A-79FA3D33B80D'
11-18 18:22:07 com_github_MitjaNemec_ReplicateLayout.replicate_layout 839:Dst fp.id: '612F0471-9651-44BF-971A-79FA3D33B80D'
11-18 18:22:07 com_github_MitjaNemec_ReplicateLayout.replicate_layout 895:found match in dst footprint: 'C1210'
11-18 18:22:07 com_github_MitjaNemec_ReplicateLayout.replicate_layout 990:Src text UUid:f9bd3448-fa54-4d7c-983b-2148097601da
11-18 18:22:07 com_github_MitjaNemec_ReplicateLayout.replicate_layout 991:Dst text UUid:908a3a3b-ca24-4703-ae5b-b1363acccbda
11-18 18:22:07 com_github_MitjaNemec_ReplicateLayout.replicate_layout 990:Src text UUid:3bb4c1fb-99e0-42f7-9a6a-3ded25f31677
11-18 18:22:07 com_github_MitjaNemec_ReplicateLayout.replicate_layout 991:Dst text UUid:1b1075c1-1562-40e7-83ec-19101bc3237a
11-18 18:22:07 com_github_MitjaNemec_ReplicateLayout.replicate_layout 990:Src text UUid:aabe3d07-cc19-4e40-be8c-3f592cf9125e
11-18 18:22:07 com_github_MitjaNemec_ReplicateLayout.replicate_layout 991:Dst text UUid:580d1ce4-576c-48c4-b3da-0c55cda1d531
11-18 18:22:07 com_github_MitjaNemec_ReplicateLayout.replicate_layout 888:Replicating footprint: 'R1405'
11-18 18:22:07 com_github_MitjaNemec_ReplicateLayout.replicate_layout 835:Src fp.id: '226B1395-A685-4E05-8F0D-AE4001A92CD4'
11-18 18:22:07 com_github_MitjaNemec_ReplicateLayout.replicate_layout 839:Dst fp.id: '226B1395-A685-4E05-8F0D-AE4001A92CD4'
11-18 18:22:07 com_github_MitjaNemec_ReplicateLayout.replicate_layout 895:found match in dst footprint: 'R1205'
11-18 18:22:07 com_github_MitjaNemec_ReplicateLayout.replicate_layout 990:Src text UUid:d366258b-e7cf-43f4-85cf-1ecb2b85380a
11-18 18:22:07 com_github_MitjaNemec_ReplicateLayout.replicate_layout 991:Dst text UUid:24367962-22d8-43a8-9b9b-5ff73ad122ef
11-18 18:22:07 com_github_MitjaNemec_ReplicateLayout.replicate_layout 990:Src text UUid:f585d1cd-7d9e-4eb7-abb1-668b2e339b72
11-18 18:22:07 com_github_MitjaNemec_ReplicateLayout.replicate_layout 991:Dst text UUid:38b03afc-7402-4701-bf5e-92c65825cbc9
11-18 18:22:07 com_github_MitjaNemec_ReplicateLayout.replicate_layout 990:Src text UUid:eb49b89d-d94a-4382-9faf-d98fa94290ad
11-18 18:22:07 com_github_MitjaNemec_ReplicateLayout.replicate_layout 991:Dst text UUid:b06b32aa-d162-4866-b15a-e51aef86d6ad
11-18 18:22:07 com_github_MitjaNemec_ReplicateLayout.replicate_layout 888:Replicating footprint: 'C1403'
11-18 18:22:07 com_github_MitjaNemec_ReplicateLayout.replicate_layout 835:Src fp.id: 'D38DA9E3-88D6-4A2F-872A-E7B4EB126E80'
11-18 18:22:07 com_github_MitjaNemec_ReplicateLayout.replicate_layout 839:Dst fp.id: 'D38DA9E3-88D6-4A2F-872A-E7B4EB126E80'
11-18 18:22:07 com_github_MitjaNemec_ReplicateLayout.replicate_layout 895:found match in dst footprint: 'C1203'
11-18 18:22:07 com_github_MitjaNemec_ReplicateLayout.replicate_layout 990:Src text UUid:52bc6138-a2ef-4cdd-abc5-ef2864f0b5e9
11-18 18:22:07 com_github_MitjaNemec_ReplicateLayout.replicate_layout 991:Dst text UUid:1efcee12-6066-49d7-9519-e8586d143239
11-18 18:22:07 com_github_MitjaNemec_ReplicateLayout.replicate_layout 990:Src text UUid:589f4e38-225c-4b51-a9f4-b2e4d13b1244
11-18 18:22:07 com_github_MitjaNemec_ReplicateLayout.replicate_layout 991:Dst text UUid:3994d049-6a4d-47f4-b505-346b06317927
11-18 18:22:07 com_github_MitjaNemec_ReplicateLayout.replicate_layout 990:Src text UUid:281b72d1-6f7d-495c-8866-d45cb1a1ac78
11-18 18:22:07 com_github_MitjaNemec_ReplicateLayout.replicate_layout 991:Dst text UUid:31914c75-c58d-42ee-8809-ca546c164a17
11-18 18:22:07 com_github_MitjaNemec_ReplicateLayout.replicate_layout 888:Replicating footprint: 'R1410'
11-18 18:22:07 com_github_MitjaNemec_ReplicateLayout.replicate_layout 835:Src fp.id: '5438D715-A182-4809-9E57-330DA0CA6AF6'
11-18 18:22:07 com_github_MitjaNemec_ReplicateLayout.replicate_layout 839:Dst fp.id: '5438D715-A182-4809-9E57-330DA0CA6AF6'
11-18 18:22:07 com_github_MitjaNemec_ReplicateLayout.replicate_layout 895:found match in dst footprint: 'R1210'
11-18 18:22:07 com_github_MitjaNemec_ReplicateLayout.replicate_layout 990:Src text UUid:6acfa6dc-b902-4507-9387-fb3f4ea08a43
11-18 18:22:07 com_github_MitjaNemec_ReplicateLayout.replicate_layout 991:Dst text UUid:b279991d-fab3-45a7-b778-ce4860c74500
11-18 18:22:07 com_github_MitjaNemec_ReplicateLayout.replicate_layout 990:Src text UUid:c4114216-f95b-4882-b8bc-aa1881ceaf79
11-18 18:22:07 com_github_MitjaNemec_ReplicateLayout.replicate_layout 991:Dst text UUid:2aa69997-9fff-47d2-bbfb-a0b55b9f3a4c
11-18 18:22:07 com_github_MitjaNemec_ReplicateLayout.replicate_layout 990:Src text UUid:a2cf3899-a516-434b-9753-9ec6dcf6d3db
11-18 18:22:07 com_github_MitjaNemec_ReplicateLayout.replicate_layout 991:Dst text UUid:5b3aa90e-b65b-4967-997f-ee60d8226639
11-18 18:22:07 com_github_MitjaNemec_ReplicateLayout.replicate_layout 888:Replicating footprint: 'C1404'
11-18 18:22:07 com_github_MitjaNemec_ReplicateLayout.replicate_layout 835:Src fp.id: 'EC3EA28C-E4DC-47BE-8F8B-FB296CF55431'
11-18 18:22:07 com_github_MitjaNemec_ReplicateLayout.replicate_layout 839:Dst fp.id: 'EC3EA28C-E4DC-47BE-8F8B-FB296CF55431'
11-18 18:22:07 com_github_MitjaNemec_ReplicateLayout.replicate_layout 895:found match in dst footprint: 'C1204'
11-18 18:22:07 com_github_MitjaNemec_ReplicateLayout.replicate_layout 990:Src text UUid:3da8e13e-e639-4df2-9468-1610f8473801
11-18 18:22:07 com_github_MitjaNemec_ReplicateLayout.replicate_layout 991:Dst text UUid:fb8955b5-d83f-48ef-9402-4eef24f8f222
11-18 18:22:07 com_github_MitjaNemec_ReplicateLayout.replicate_layout 990:Src text UUid:704f0fe4-12e5-48bc-9b90-a0e2f9b5a923
11-18 18:22:07 com_github_MitjaNemec_ReplicateLayout.replicate_layout 991:Dst text UUid:a5e53ff3-ea02-4779-bb48-3d4884c598a3
11-18 18:22:07 com_github_MitjaNemec_ReplicateLayout.replicate_layout 990:Src text UUid:ef70f699-aaae-4b7d-b032-aac50b029a71
11-18 18:22:07 com_github_MitjaNemec_ReplicateLayout.replicate_layout 991:Dst text UUid:c11672e7-ccef-47d3-a065-6ad477d0abb4
11-18 18:22:07 com_github_MitjaNemec_ReplicateLayout.replicate_layout 888:Replicating footprint: 'C1401'
11-18 18:22:07 com_github_MitjaNemec_ReplicateLayout.replicate_layout 835:Src fp.id: '0AF5E044-97C8-414E-A759-E43370C2D6AD'
11-18 18:22:07 com_github_MitjaNemec_ReplicateLayout.replicate_layout 839:Dst fp.id: '0AF5E044-97C8-414E-A759-E43370C2D6AD'
11-18 18:22:07 com_github_MitjaNemec_ReplicateLayout.replicate_layout 895:found match in dst footprint: 'C1201'
11-18 18:22:07 com_github_MitjaNemec_ReplicateLayout.replicate_layout 990:Src text UUid:17f4fdd5-2c03-4002-93aa-aa3ba1494199
11-18 18:22:07 com_github_MitjaNemec_ReplicateLayout.replicate_layout 991:Dst text UUid:d0e816e6-3322-4b09-a9e7-452af0b3cd0a
11-18 18:22:07 com_github_MitjaNemec_ReplicateLayout.replicate_layout 990:Src text UUid:aaba2534-ae6f-4048-a813-904b11ed5db5
11-18 18:22:07 com_github_MitjaNemec_ReplicateLayout.replicate_layout 991:Dst text UUid:94dcc8a1-31b1-4750-9cd5-fa872e39c4da
11-18 18:22:07 com_github_MitjaNemec_ReplicateLayout.replicate_layout 990:Src text UUid:630eba01-2297-4b6d-8dc7-dc73eb633b28
11-18 18:22:07 com_github_MitjaNemec_ReplicateLayout.replicate_layout 991:Dst text UUid:2c1e5557-53a2-4cdf-bebd-1742b4f2387e
11-18 18:22:07 com_github_MitjaNemec_ReplicateLayout.replicate_layout 888:Replicating footprint: 'C1405'
11-18 18:22:07 com_github_MitjaNemec_ReplicateLayout.replicate_layout 835:Src fp.id: '36F927C0-5F94-4901-869D-49FA465260D7'
11-18 18:22:07 com_github_MitjaNemec_ReplicateLayout.replicate_layout 839:Dst fp.id: '36F927C0-5F94-4901-869D-49FA465260D7'
11-18 18:22:07 com_github_MitjaNemec_ReplicateLayout.replicate_layout 895:found match in dst footprint: 'C1205'
11-18 18:22:07 com_github_MitjaNemec_ReplicateLayout.replicate_layout 990:Src text UUid:df0d830d-5fa7-4215-90a7-c678bcd3c575
11-18 18:22:07 com_github_MitjaNemec_ReplicateLayout.replicate_layout 991:Dst text UUid:beb45911-d96e-4efc-9e09-42fa83bc9c46
11-18 18:22:07 com_github_MitjaNemec_ReplicateLayout.replicate_layout 990:Src text UUid:388b1c7c-3e67-40aa-be3c-d65c7b7c740b
11-18 18:22:07 com_github_MitjaNemec_ReplicateLayout.replicate_layout 991:Dst text UUid:499413c8-7a39-47e8-9936-9b6afee8c336
11-18 18:22:07 com_github_MitjaNemec_ReplicateLayout.replicate_layout 990:Src text UUid:fb9ecc94-b7a4-48f6-a724-0ddac10a7040
11-18 18:22:07 com_github_MitjaNemec_ReplicateLayout.replicate_layout 991:Dst text UUid:7d520c7d-ae13-44ed-8516-993ae22d50ac
11-18 18:22:07 com_github_MitjaNemec_ReplicateLayout.replicate_layout 870:Replicating footprints on sheet ['/Rx Front End/', '/Rx Front End/QSD2/']
11-18 18:22:07 com_github_MitjaNemec_ReplicateLayout.replicate_layout 835:Src fp.id: 'BB7F9B04-B5E0-487F-9DFA-0579D13220E1'
11-18 18:22:07 com_github_MitjaNemec_ReplicateLayout.replicate_layout 839:Dst fp.id: 'BB7F9B04-B5E0-487F-9DFA-0579D13220E1'
11-18 18:22:07 com_github_MitjaNemec_ReplicateLayout.replicate_layout 888:Replicating footprint: 'U1402'
11-18 18:22:07 com_github_MitjaNemec_ReplicateLayout.replicate_layout 835:Src fp.id: 'BB7F9B04-B5E0-487F-9DFA-0579D13220E1'
11-18 18:22:07 com_github_MitjaNemec_ReplicateLayout.replicate_layout 839:Dst fp.id: 'BB7F9B04-B5E0-487F-9DFA-0579D13220E1'
11-18 18:22:07 com_github_MitjaNemec_ReplicateLayout.replicate_layout 895:found match in dst footprint: 'U1302'
11-18 18:22:07 com_github_MitjaNemec_ReplicateLayout.replicate_layout 990:Src text UUid:eb9c408e-1f90-4971-9274-046ff531dfaf
11-18 18:22:07 com_github_MitjaNemec_ReplicateLayout.replicate_layout 991:Dst text UUid:d31acc2b-7944-4fcc-9048-97b76a1cf726
11-18 18:22:07 com_github_MitjaNemec_ReplicateLayout.replicate_layout 990:Src text UUid:76184e0f-06d1-4f69-ae00-e5fbaa372f8e
11-18 18:22:07 com_github_MitjaNemec_ReplicateLayout.replicate_layout 991:Dst text UUid:342ce9a4-cecf-4318-bd2e-60ee3327baaa
11-18 18:22:07 com_github_MitjaNemec_ReplicateLayout.replicate_layout 990:Src text UUid:e16139eb-b97c-4213-b327-8e79d948d306
11-18 18:22:07 com_github_MitjaNemec_ReplicateLayout.replicate_layout 991:Dst text UUid:b7034fab-9645-4abf-abfc-75e8b52c3a58
11-18 18:22:07 com_github_MitjaNemec_ReplicateLayout.replicate_layout 888:Replicating footprint: 'R1412'
11-18 18:22:07 com_github_MitjaNemec_ReplicateLayout.replicate_layout 835:Src fp.id: 'BCAFE424-8D84-4D5B-8A1A-BAC2726F37B8'
11-18 18:22:07 com_github_MitjaNemec_ReplicateLayout.replicate_layout 839:Dst fp.id: 'BCAFE424-8D84-4D5B-8A1A-BAC2726F37B8'
11-18 18:22:07 com_github_MitjaNemec_ReplicateLayout.replicate_layout 895:found match in dst footprint: 'R1312'
11-18 18:22:07 com_github_MitjaNemec_ReplicateLayout.replicate_layout 990:Src text UUid:289b10c2-bdc5-432a-902b-2e8d5d0634c2
11-18 18:22:07 com_github_MitjaNemec_ReplicateLayout.replicate_layout 991:Dst text UUid:8cb0fb75-6d19-4a19-84ca-d0da1b8165da
11-18 18:22:07 com_github_MitjaNemec_ReplicateLayout.replicate_layout 990:Src text UUid:242ccd01-25ff-482f-8296-8ced06b67c82
11-18 18:22:07 com_github_MitjaNemec_ReplicateLayout.replicate_layout 991:Dst text UUid:3ca2d975-e9c3-43f8-a0dc-4d80cdb16258
11-18 18:22:07 com_github_MitjaNemec_ReplicateLayout.replicate_layout 990:Src text UUid:1fb0c4cf-6bb6-4919-b1eb-05b14716df7c
11-18 18:22:07 com_github_MitjaNemec_ReplicateLayout.replicate_layout 991:Dst text UUid:0134bf55-e620-4136-8660-022e88c3eeba
11-18 18:22:07 com_github_MitjaNemec_ReplicateLayout.replicate_layout 888:Replicating footprint: 'C1418'
11-18 18:22:07 root 345:updating GUI with: 54
11-18 18:22:07 com_github_MitjaNemec_ReplicateLayout.replicate_layout 835:Src fp.id: '18541129-B2A1-4D71-A984-351EE5593E63'
11-18 18:22:07 com_github_MitjaNemec_ReplicateLayout.replicate_layout 839:Dst fp.id: '18541129-B2A1-4D71-A984-351EE5593E63'
11-18 18:22:07 com_github_MitjaNemec_ReplicateLayout.replicate_layout 895:found match in dst footprint: 'C1318'
11-18 18:22:07 com_github_MitjaNemec_ReplicateLayout.replicate_layout 990:Src text UUid:e88f1b87-4be8-47ca-b620-63d8feb139af
11-18 18:22:07 com_github_MitjaNemec_ReplicateLayout.replicate_layout 991:Dst text UUid:b3967fa3-9e3c-433b-9581-15ebec5d6853
11-18 18:22:07 com_github_MitjaNemec_ReplicateLayout.replicate_layout 990:Src text UUid:ef5516f5-82fb-4cad-b78e-d1f71712592e
11-18 18:22:07 com_github_MitjaNemec_ReplicateLayout.replicate_layout 991:Dst text UUid:b1fdd9d3-f30c-4d7b-8c0e-32fe6beb083e
11-18 18:22:07 com_github_MitjaNemec_ReplicateLayout.replicate_layout 990:Src text UUid:9f92ae93-1f5a-4ce6-91ab-56ea50c59b39
11-18 18:22:07 com_github_MitjaNemec_ReplicateLayout.replicate_layout 991:Dst text UUid:4a25d583-7046-4b0f-9271-abe9172f458b
11-18 18:22:07 com_github_MitjaNemec_ReplicateLayout.replicate_layout 888:Replicating footprint: 'R1404'
11-18 18:22:07 com_github_MitjaNemec_ReplicateLayout.replicate_layout 835:Src fp.id: '0314F0AD-8EAA-4E86-AE4F-301DA5BAFBD8'
11-18 18:22:07 com_github_MitjaNemec_ReplicateLayout.replicate_layout 839:Dst fp.id: '0314F0AD-8EAA-4E86-AE4F-301DA5BAFBD8'
11-18 18:22:07 com_github_MitjaNemec_ReplicateLayout.replicate_layout 895:found match in dst footprint: 'R1304'
11-18 18:22:07 com_github_MitjaNemec_ReplicateLayout.replicate_layout 990:Src text UUid:35aa96ea-4fe7-4009-b608-cf267b08b10b
11-18 18:22:07 com_github_MitjaNemec_ReplicateLayout.replicate_layout 991:Dst text UUid:2a7efc5e-0464-4fc0-b94b-47d336c7f98a
11-18 18:22:07 com_github_MitjaNemec_ReplicateLayout.replicate_layout 990:Src text UUid:87842f9c-2262-4ba2-aab5-145989f01073
11-18 18:22:07 com_github_MitjaNemec_ReplicateLayout.replicate_layout 991:Dst text UUid:aa426c06-a8b8-4a97-b4c6-db5732265570
11-18 18:22:07 com_github_MitjaNemec_ReplicateLayout.replicate_layout 990:Src text UUid:b896aa5b-3183-422b-85ab-df176a479780
11-18 18:22:07 com_github_MitjaNemec_ReplicateLayout.replicate_layout 991:Dst text UUid:d430824b-29d3-469d-8bdb-f3fce5bd0ec3
11-18 18:22:07 com_github_MitjaNemec_ReplicateLayout.replicate_layout 888:Replicating footprint: 'C1416'
11-18 18:22:07 com_github_MitjaNemec_ReplicateLayout.replicate_layout 835:Src fp.id: '94460E8B-BBA7-418A-8B79-15BD9FBB2081'
11-18 18:22:07 com_github_MitjaNemec_ReplicateLayout.replicate_layout 839:Dst fp.id: '94460E8B-BBA7-418A-8B79-15BD9FBB2081'
11-18 18:22:07 com_github_MitjaNemec_ReplicateLayout.replicate_layout 895:found match in dst footprint: 'C1316'
11-18 18:22:07 com_github_MitjaNemec_ReplicateLayout.replicate_layout 990:Src text UUid:abb75728-4b78-4ff3-8df4-56f8c6553916
11-18 18:22:07 com_github_MitjaNemec_ReplicateLayout.replicate_layout 991:Dst text UUid:c3345328-3cb9-4ebd-b67d-862a6816206f
11-18 18:22:07 com_github_MitjaNemec_ReplicateLayout.replicate_layout 990:Src text UUid:dcb51569-b64d-4893-8cf0-040721ed4206
11-18 18:22:07 com_github_MitjaNemec_ReplicateLayout.replicate_layout 991:Dst text UUid:1c9879cc-4e61-4480-876b-6b46db2b92b8
11-18 18:22:07 com_github_MitjaNemec_ReplicateLayout.replicate_layout 990:Src text UUid:523a1a34-a8db-4c43-a5f6-b4fa2a337812
11-18 18:22:07 com_github_MitjaNemec_ReplicateLayout.replicate_layout 991:Dst text UUid:a2297172-6494-4acd-9b94-ac311e1dcd15
11-18 18:22:07 com_github_MitjaNemec_ReplicateLayout.replicate_layout 888:Replicating footprint: 'C1409'
11-18 18:22:07 com_github_MitjaNemec_ReplicateLayout.replicate_layout 835:Src fp.id: 'C6C2E9DD-E06C-4763-82BB-DD9C985BFB6A'
11-18 18:22:07 com_github_MitjaNemec_ReplicateLayout.replicate_layout 839:Dst fp.id: 'C6C2E9DD-E06C-4763-82BB-DD9C985BFB6A'
11-18 18:22:07 com_github_MitjaNemec_ReplicateLayout.replicate_layout 895:found match in dst footprint: 'C1309'
11-18 18:22:07 com_github_MitjaNemec_ReplicateLayout.replicate_layout 990:Src text UUid:826365e8-ad33-42eb-8c7a-d48746914eb5
11-18 18:22:07 com_github_MitjaNemec_ReplicateLayout.replicate_layout 991:Dst text UUid:d173ec01-8945-4109-bcb9-e8ce75e8fdc0
11-18 18:22:07 com_github_MitjaNemec_ReplicateLayout.replicate_layout 990:Src text UUid:7c476b44-e27f-4caf-9fc3-ef90a4788afa
11-18 18:22:07 com_github_MitjaNemec_ReplicateLayout.replicate_layout 991:Dst text UUid:83d70a56-945d-40a6-a1a2-289527da756b
11-18 18:22:07 com_github_MitjaNemec_ReplicateLayout.replicate_layout 990:Src text UUid:97e198e2-e1b0-4bb0-8b97-042260fd1cd0
11-18 18:22:07 com_github_MitjaNemec_ReplicateLayout.replicate_layout 991:Dst text UUid:ca025cd8-2a4a-4d7c-a8c6-b651ecea58c7
11-18 18:22:07 com_github_MitjaNemec_ReplicateLayout.replicate_layout 888:Replicating footprint: 'R1409'
11-18 18:22:07 com_github_MitjaNemec_ReplicateLayout.replicate_layout 835:Src fp.id: '13FDBBDE-27F1-49B8-8332-E4B4DF1F918F'
11-18 18:22:07 com_github_MitjaNemec_ReplicateLayout.replicate_layout 839:Dst fp.id: '13FDBBDE-27F1-49B8-8332-E4B4DF1F918F'
11-18 18:22:07 com_github_MitjaNemec_ReplicateLayout.replicate_layout 895:found match in dst footprint: 'R1309'
11-18 18:22:07 com_github_MitjaNemec_ReplicateLayout.replicate_layout 990:Src text UUid:21d16b04-6f3c-4fb1-9dfc-b4438c25509e
11-18 18:22:07 com_github_MitjaNemec_ReplicateLayout.replicate_layout 991:Dst text UUid:4b074c62-7400-483b-a680-3bf381b39f60
11-18 18:22:07 com_github_MitjaNemec_ReplicateLayout.replicate_layout 990:Src text UUid:949de78d-de15-409d-95a3-421816f1be83
11-18 18:22:07 com_github_MitjaNemec_ReplicateLayout.replicate_layout 991:Dst text UUid:93dcd915-a917-4ff7-af50-58290cc243c2
11-18 18:22:07 com_github_MitjaNemec_ReplicateLayout.replicate_layout 990:Src text UUid:e78523fd-3c88-4625-9efc-c49fac1fbdf5
11-18 18:22:07 com_github_MitjaNemec_ReplicateLayout.replicate_layout 991:Dst text UUid:1a986e8b-05f5-436f-94a6-4b4b10df3861
11-18 18:22:07 com_github_MitjaNemec_ReplicateLayout.replicate_layout 888:Replicating footprint: 'U1403'
11-18 18:22:07 com_github_MitjaNemec_ReplicateLayout.replicate_layout 835:Src fp.id: '90C43409-6158-4766-81FA-44826FB3A226'
11-18 18:22:07 com_github_MitjaNemec_ReplicateLayout.replicate_layout 839:Dst fp.id: '90C43409-6158-4766-81FA-44826FB3A226'
11-18 18:22:07 com_github_MitjaNemec_ReplicateLayout.replicate_layout 895:found match in dst footprint: 'U1303'
11-18 18:22:07 com_github_MitjaNemec_ReplicateLayout.replicate_layout 990:Src text UUid:d9d4982c-d6d1-40c9-90a2-6bfec6c0e91a
11-18 18:22:07 com_github_MitjaNemec_ReplicateLayout.replicate_layout 991:Dst text UUid:44467d4f-9379-4e00-8add-cc2282203e5c
11-18 18:22:07 com_github_MitjaNemec_ReplicateLayout.replicate_layout 990:Src text UUid:f8f0194a-baf0-4365-bc00-7b6f2a2c1d54
11-18 18:22:07 com_github_MitjaNemec_ReplicateLayout.replicate_layout 991:Dst text UUid:47922a32-dcb2-46db-97ba-d73a447d5467
11-18 18:22:07 com_github_MitjaNemec_ReplicateLayout.replicate_layout 990:Src text UUid:0878fa8b-089e-460b-b251-f7a4e9e235b2
11-18 18:22:07 com_github_MitjaNemec_ReplicateLayout.replicate_layout 991:Dst text UUid:f14fe4ff-550a-4b39-b5da-34c6b4700186
11-18 18:22:07 com_github_MitjaNemec_ReplicateLayout.replicate_layout 888:Replicating footprint: 'R1403'
11-18 18:22:07 com_github_MitjaNemec_ReplicateLayout.replicate_layout 835:Src fp.id: 'CC0B35F1-20AF-46F7-A2AB-8BF518AE57A2'
11-18 18:22:07 com_github_MitjaNemec_ReplicateLayout.replicate_layout 839:Dst fp.id: 'CC0B35F1-20AF-46F7-A2AB-8BF518AE57A2'
11-18 18:22:07 com_github_MitjaNemec_ReplicateLayout.replicate_layout 895:found match in dst footprint: 'R1303'
11-18 18:22:07 com_github_MitjaNemec_ReplicateLayout.replicate_layout 990:Src text UUid:c91c8040-fe36-4f25-a190-1c66d388560e
11-18 18:22:07 com_github_MitjaNemec_ReplicateLayout.replicate_layout 991:Dst text UUid:81b640ce-b8b2-45c1-8635-f90502a05f8f
11-18 18:22:07 com_github_MitjaNemec_ReplicateLayout.replicate_layout 990:Src text UUid:3e80437b-655b-460c-8030-e18266679bea
11-18 18:22:07 com_github_MitjaNemec_ReplicateLayout.replicate_layout 991:Dst text UUid:a7ca8c99-0c69-4fde-b2ec-db0f368eda55
11-18 18:22:07 com_github_MitjaNemec_ReplicateLayout.replicate_layout 990:Src text UUid:8da018bd-1030-4526-a848-befc028bcca9
11-18 18:22:07 com_github_MitjaNemec_ReplicateLayout.replicate_layout 991:Dst text UUid:d3301149-2e4c-4e6c-95c0-bcc65c0dea6a
11-18 18:22:07 com_github_MitjaNemec_ReplicateLayout.replicate_layout 888:Replicating footprint: 'C1415'
11-18 18:22:07 com_github_MitjaNemec_ReplicateLayout.replicate_layout 835:Src fp.id: '21499248-8C07-47FD-AA61-7CA6CAFBEC53'
11-18 18:22:07 com_github_MitjaNemec_ReplicateLayout.replicate_layout 839:Dst fp.id: '21499248-8C07-47FD-AA61-7CA6CAFBEC53'
11-18 18:22:07 com_github_MitjaNemec_ReplicateLayout.replicate_layout 895:found match in dst footprint: 'C1315'
11-18 18:22:07 com_github_MitjaNemec_ReplicateLayout.replicate_layout 990:Src text UUid:63b1e4ec-4a24-4689-8261-d804ede58869
11-18 18:22:07 com_github_MitjaNemec_ReplicateLayout.replicate_layout 991:Dst text UUid:2deef2dc-d9b0-4a94-8fdc-2935d6343a6e
11-18 18:22:07 com_github_MitjaNemec_ReplicateLayout.replicate_layout 990:Src text UUid:39852346-3d00-415f-be13-ecc20d762144
11-18 18:22:07 com_github_MitjaNemec_ReplicateLayout.replicate_layout 991:Dst text UUid:9f02a690-50e4-4432-81aa-d96c6c5cb2f3
11-18 18:22:07 com_github_MitjaNemec_ReplicateLayout.replicate_layout 990:Src text UUid:1f3aff6b-7a01-4bd0-9ca3-3aa273650111
11-18 18:22:07 com_github_MitjaNemec_ReplicateLayout.replicate_layout 991:Dst text UUid:6d9cd526-307e-460d-b73b-4779a3501ee4
11-18 18:22:07 com_github_MitjaNemec_ReplicateLayout.replicate_layout 888:Replicating footprint: 'C1402'
11-18 18:22:07 com_github_MitjaNemec_ReplicateLayout.replicate_layout 835:Src fp.id: '0877CDD6-4081-446F-9237-9A87D724CFCB'
11-18 18:22:07 com_github_MitjaNemec_ReplicateLayout.replicate_layout 839:Dst fp.id: '0877CDD6-4081-446F-9237-9A87D724CFCB'
11-18 18:22:07 com_github_MitjaNemec_ReplicateLayout.replicate_layout 895:found match in dst footprint: 'C1302'
11-18 18:22:07 com_github_MitjaNemec_ReplicateLayout.replicate_layout 990:Src text UUid:3297d414-93a2-4d0c-be5d-dd3c4d5aa35a
11-18 18:22:07 com_github_MitjaNemec_ReplicateLayout.replicate_layout 991:Dst text UUid:e57ed51e-799b-4f57-b9ff-184ebf51a62a
11-18 18:22:07 com_github_MitjaNemec_ReplicateLayout.replicate_layout 990:Src text UUid:8bcba56a-17dc-4fc6-b002-285e927aea87
11-18 18:22:07 com_github_MitjaNemec_ReplicateLayout.replicate_layout 991:Dst text UUid:5fa5b371-cd42-46e2-b3b0-3530cedcf1e2
11-18 18:22:07 com_github_MitjaNemec_ReplicateLayout.replicate_layout 990:Src text UUid:cb9c957c-816a-4e19-8082-311ef66695c6
11-18 18:22:07 com_github_MitjaNemec_ReplicateLayout.replicate_layout 991:Dst text UUid:180016fb-dccd-4baa-a721-4c254d86fc5a
11-18 18:22:07 com_github_MitjaNemec_ReplicateLayout.replicate_layout 888:Replicating footprint: 'C1412'
11-18 18:22:07 com_github_MitjaNemec_ReplicateLayout.replicate_layout 835:Src fp.id: '7B8016AC-17EB-4597-9998-C4E42087D39F'
11-18 18:22:07 com_github_MitjaNemec_ReplicateLayout.replicate_layout 839:Dst fp.id: '7B8016AC-17EB-4597-9998-C4E42087D39F'
11-18 18:22:07 com_github_MitjaNemec_ReplicateLayout.replicate_layout 895:found match in dst footprint: 'C1312'
11-18 18:22:07 com_github_MitjaNemec_ReplicateLayout.replicate_layout 990:Src text UUid:1639d32d-c850-4703-b47d-30e9c20bd997
11-18 18:22:07 com_github_MitjaNemec_ReplicateLayout.replicate_layout 991:Dst text UUid:f706da17-8ea9-4ee2-b20a-9df84e373011
11-18 18:22:07 com_github_MitjaNemec_ReplicateLayout.replicate_layout 990:Src text UUid:31d85fca-9621-4043-a37e-f57b5f601732
11-18 18:22:07 com_github_MitjaNemec_ReplicateLayout.replicate_layout 991:Dst text UUid:10364e9d-b1a7-47df-aa1b-406a0963f125
11-18 18:22:07 com_github_MitjaNemec_ReplicateLayout.replicate_layout 990:Src text UUid:0d4ca0a9-8055-4807-9fb8-40a621ab249c
11-18 18:22:07 com_github_MitjaNemec_ReplicateLayout.replicate_layout 991:Dst text UUid:f2794d27-7659-423d-9bb8-180f7a391977
11-18 18:22:07 com_github_MitjaNemec_ReplicateLayout.replicate_layout 888:Replicating footprint: 'C1408'
11-18 18:22:07 com_github_MitjaNemec_ReplicateLayout.replicate_layout 835:Src fp.id: 'ADA6547E-77E1-4A8D-8A2E-49B661E78214'
11-18 18:22:07 com_github_MitjaNemec_ReplicateLayout.replicate_layout 839:Dst fp.id: 'ADA6547E-77E1-4A8D-8A2E-49B661E78214'
11-18 18:22:07 com_github_MitjaNemec_ReplicateLayout.replicate_layout 895:found match in dst footprint: 'C1308'
11-18 18:22:07 com_github_MitjaNemec_ReplicateLayout.replicate_layout 990:Src text UUid:210fb7f3-fe54-4ac7-8e03-1339cc32ef22
11-18 18:22:07 com_github_MitjaNemec_ReplicateLayout.replicate_layout 991:Dst text UUid:f685fe7a-17fd-4b8d-b170-6ee96ce50302
11-18 18:22:07 com_github_MitjaNemec_ReplicateLayout.replicate_layout 990:Src text UUid:6f5afcd1-08ca-4ba5-a938-764973a2baf0
11-18 18:22:07 com_github_MitjaNemec_ReplicateLayout.replicate_layout 991:Dst text UUid:a71c67d1-389d-4b46-a245-b44a50f7a52d
11-18 18:22:07 com_github_MitjaNemec_ReplicateLayout.replicate_layout 990:Src text UUid:12617685-2247-4f76-ac10-5799f3fb2cdf
11-18 18:22:07 com_github_MitjaNemec_ReplicateLayout.replicate_layout 991:Dst text UUid:45fb8ee3-1cc0-4c79-8328-4360aded0f30
11-18 18:22:07 com_github_MitjaNemec_ReplicateLayout.replicate_layout 888:Replicating footprint: 'C1411'
11-18 18:22:07 com_github_MitjaNemec_ReplicateLayout.replicate_layout 835:Src fp.id: '05AF2F7B-002A-4FAD-ADDE-C93860BC479F'
11-18 18:22:07 com_github_MitjaNemec_ReplicateLayout.replicate_layout 839:Dst fp.id: '05AF2F7B-002A-4FAD-ADDE-C93860BC479F'
11-18 18:22:07 com_github_MitjaNemec_ReplicateLayout.replicate_layout 895:found match in dst footprint: 'C1311'
11-18 18:22:07 com_github_MitjaNemec_ReplicateLayout.replicate_layout 990:Src text UUid:63ce47fb-5d03-499d-9b0e-bdf2bc5a2ba9
11-18 18:22:07 com_github_MitjaNemec_ReplicateLayout.replicate_layout 991:Dst text UUid:32f67a2e-18ca-4d6e-a54f-1290524ff4a4
11-18 18:22:07 com_github_MitjaNemec_ReplicateLayout.replicate_layout 990:Src text UUid:c88d54e0-b8c4-43e9-9af3-6f937331f97c
11-18 18:22:07 com_github_MitjaNemec_ReplicateLayout.replicate_layout 991:Dst text UUid:3a661fa1-a96c-40b6-ba5a-3683dcead73e
11-18 18:22:07 com_github_MitjaNemec_ReplicateLayout.replicate_layout 990:Src text UUid:c8e1e9a3-b97f-46bd-b8c1-8136f0f54c39
11-18 18:22:07 com_github_MitjaNemec_ReplicateLayout.replicate_layout 991:Dst text UUid:348d9754-10bc-4bd9-9b92-33ed37a03206
11-18 18:22:07 com_github_MitjaNemec_ReplicateLayout.replicate_layout 888:Replicating footprint: 'C1413'
11-18 18:22:07 com_github_MitjaNemec_ReplicateLayout.replicate_layout 835:Src fp.id: '0DF75AD6-9DA1-42B9-A307-BC824F2856D9'
11-18 18:22:07 com_github_MitjaNemec_ReplicateLayout.replicate_layout 839:Dst fp.id: '0DF75AD6-9DA1-42B9-A307-BC824F2856D9'
11-18 18:22:07 com_github_MitjaNemec_ReplicateLayout.replicate_layout 895:found match in dst footprint: 'C1313'
11-18 18:22:07 com_github_MitjaNemec_ReplicateLayout.replicate_layout 990:Src text UUid:c3fcb649-01f7-4cd5-97ac-d56e53ccc79d
11-18 18:22:07 com_github_MitjaNemec_ReplicateLayout.replicate_layout 991:Dst text UUid:2d0723a7-6a13-4171-ad11-9a66c8e3fc56
11-18 18:22:07 com_github_MitjaNemec_ReplicateLayout.replicate_layout 990:Src text UUid:4ae14db3-211c-4a05-8f76-6aee2e96b434
11-18 18:22:07 com_github_MitjaNemec_ReplicateLayout.replicate_layout 991:Dst text UUid:17f8159e-33a2-4e51-9b05-160ad9b523fd
11-18 18:22:07 com_github_MitjaNemec_ReplicateLayout.replicate_layout 990:Src text UUid:e295465d-f3d3-4801-901d-ad624f1f0338
11-18 18:22:07 com_github_MitjaNemec_ReplicateLayout.replicate_layout 991:Dst text UUid:1e896ac6-1919-4695-80ec-6c7e6765dfa8
11-18 18:22:07 com_github_MitjaNemec_ReplicateLayout.replicate_layout 888:Replicating footprint: 'U1404'
11-18 18:22:07 root 345:updating GUI with: 73
11-18 18:22:07 com_github_MitjaNemec_ReplicateLayout.replicate_layout 835:Src fp.id: 'EAB20E87-7E03-4C4F-AF85-A8ECAB924580'
11-18 18:22:07 com_github_MitjaNemec_ReplicateLayout.replicate_layout 839:Dst fp.id: 'EAB20E87-7E03-4C4F-AF85-A8ECAB924580'
11-18 18:22:07 com_github_MitjaNemec_ReplicateLayout.replicate_layout 895:found match in dst footprint: 'U1304'
11-18 18:22:07 com_github_MitjaNemec_ReplicateLayout.replicate_layout 990:Src text UUid:130c4cca-b4c3-4924-8bc0-0d6ad673fbdb
11-18 18:22:07 com_github_MitjaNemec_ReplicateLayout.replicate_layout 991:Dst text UUid:39fac4b6-0292-449f-a8ce-4fa55555487a
11-18 18:22:07 com_github_MitjaNemec_ReplicateLayout.replicate_layout 990:Src text UUid:05347a85-8479-4a08-828f-8a903acba4f5
11-18 18:22:07 com_github_MitjaNemec_ReplicateLayout.replicate_layout 991:Dst text UUid:fab0b8b5-fd51-4603-959d-421801aa8fdb
11-18 18:22:07 com_github_MitjaNemec_ReplicateLayout.replicate_layout 990:Src text UUid:b56fa86a-956a-4047-9c92-a216ff1cadd8
11-18 18:22:07 com_github_MitjaNemec_ReplicateLayout.replicate_layout 991:Dst text UUid:feb47aad-be52-4611-a5dc-dc8463ec3d88
11-18 18:22:07 com_github_MitjaNemec_ReplicateLayout.replicate_layout 888:Replicating footprint: 'R1402'
11-18 18:22:07 com_github_MitjaNemec_ReplicateLayout.replicate_layout 835:Src fp.id: '4771082D-B75F-4830-976A-69182E027397'
11-18 18:22:07 com_github_MitjaNemec_ReplicateLayout.replicate_layout 839:Dst fp.id: '4771082D-B75F-4830-976A-69182E027397'
11-18 18:22:07 com_github_MitjaNemec_ReplicateLayout.replicate_layout 895:found match in dst footprint: 'R1302'
11-18 18:22:07 com_github_MitjaNemec_ReplicateLayout.replicate_layout 990:Src text UUid:7da8473e-cbac-4920-9521-7fc090ca970c
11-18 18:22:07 com_github_MitjaNemec_ReplicateLayout.replicate_layout 991:Dst text UUid:b76cbece-ef4c-463d-812c-8c762ee1ff75
11-18 18:22:07 com_github_MitjaNemec_ReplicateLayout.replicate_layout 990:Src text UUid:9fda4caf-7a7f-4530-ab86-3b5497193ea9
11-18 18:22:07 com_github_MitjaNemec_ReplicateLayout.replicate_layout 991:Dst text UUid:666dc4bf-9031-450f-b27b-b4d1731db0e7
11-18 18:22:07 com_github_MitjaNemec_ReplicateLayout.replicate_layout 990:Src text UUid:413c7d27-0e89-4049-a5b8-d984f4aa34fd
11-18 18:22:07 com_github_MitjaNemec_ReplicateLayout.replicate_layout 991:Dst text UUid:b7fdb74c-a9c1-496e-8fd3-880ba1da2fb3
11-18 18:22:07 com_github_MitjaNemec_ReplicateLayout.replicate_layout 888:Replicating footprint: 'C1406'
11-18 18:22:07 com_github_MitjaNemec_ReplicateLayout.replicate_layout 835:Src fp.id: 'AA7189DD-0B66-479B-A97A-24D760CEAE58'
11-18 18:22:07 com_github_MitjaNemec_ReplicateLayout.replicate_layout 839:Dst fp.id: 'AA7189DD-0B66-479B-A97A-24D760CEAE58'
11-18 18:22:07 com_github_MitjaNemec_ReplicateLayout.replicate_layout 895:found match in dst footprint: 'C1306'
11-18 18:22:07 com_github_MitjaNemec_ReplicateLayout.replicate_layout 990:Src text UUid:41604e56-87ba-4148-97a2-d51cb184267c
11-18 18:22:07 com_github_MitjaNemec_ReplicateLayout.replicate_layout 991:Dst text UUid:22b39ad3-7dde-4252-b337-d8e8c71f5659
11-18 18:22:07 com_github_MitjaNemec_ReplicateLayout.replicate_layout 990:Src text UUid:137fed11-42d0-4dbc-b046-2ea7d1150fa8
11-18 18:22:07 com_github_MitjaNemec_ReplicateLayout.replicate_layout 991:Dst text UUid:5bf2c180-89dd-47e5-ae3b-b75cc225ba58
11-18 18:22:07 com_github_MitjaNemec_ReplicateLayout.replicate_layout 990:Src text UUid:f7385899-88a5-4103-a9fb-80539907dbe2
11-18 18:22:07 com_github_MitjaNemec_ReplicateLayout.replicate_layout 991:Dst text UUid:c7b259f2-c68d-489b-b659-af7493f5e990
11-18 18:22:07 com_github_MitjaNemec_ReplicateLayout.replicate_layout 888:Replicating footprint: 'C1417'
11-18 18:22:07 com_github_MitjaNemec_ReplicateLayout.replicate_layout 835:Src fp.id: 'A7563541-3CCE-4041-95E7-6DD7E4F16B33'
11-18 18:22:07 com_github_MitjaNemec_ReplicateLayout.replicate_layout 839:Dst fp.id: 'A7563541-3CCE-4041-95E7-6DD7E4F16B33'
11-18 18:22:07 com_github_MitjaNemec_ReplicateLayout.replicate_layout 895:found match in dst footprint: 'C1317'
11-18 18:22:07 com_github_MitjaNemec_ReplicateLayout.replicate_layout 990:Src text UUid:c8f287df-9105-49db-8ccf-a3cadabbe61e
11-18 18:22:07 com_github_MitjaNemec_ReplicateLayout.replicate_layout 991:Dst text UUid:fa3b00b6-1bb2-4c16-b697-cb756a42dd37
11-18 18:22:07 com_github_MitjaNemec_ReplicateLayout.replicate_layout 990:Src text UUid:a09ba13d-fd52-4878-b1e0-3e12e5665b96
11-18 18:22:07 com_github_MitjaNemec_ReplicateLayout.replicate_layout 991:Dst text UUid:1177d251-14e8-4df8-8842-9b7b86d62388
11-18 18:22:07 com_github_MitjaNemec_ReplicateLayout.replicate_layout 990:Src text UUid:652ae7bc-195d-470c-aac3-50b8e778ca42
11-18 18:22:07 com_github_MitjaNemec_ReplicateLayout.replicate_layout 991:Dst text UUid:5ebf4cec-fb22-4325-a20a-8c173ba0da99
11-18 18:22:07 com_github_MitjaNemec_ReplicateLayout.replicate_layout 888:Replicating footprint: 'R1411'
11-18 18:22:07 com_github_MitjaNemec_ReplicateLayout.replicate_layout 835:Src fp.id: 'C96C6D1A-0F28-4E1B-929B-2869305B34B1'
11-18 18:22:07 com_github_MitjaNemec_ReplicateLayout.replicate_layout 839:Dst fp.id: 'C96C6D1A-0F28-4E1B-929B-2869305B34B1'
11-18 18:22:07 com_github_MitjaNemec_ReplicateLayout.replicate_layout 895:found match in dst footprint: 'R1311'
11-18 18:22:07 com_github_MitjaNemec_ReplicateLayout.replicate_layout 990:Src text UUid:d4786ef1-75f5-4ffc-8558-dbb872dd61c1
11-18 18:22:07 com_github_MitjaNemec_ReplicateLayout.replicate_layout 991:Dst text UUid:0e033155-c856-40ce-81a7-38f31614ee05
11-18 18:22:07 com_github_MitjaNemec_ReplicateLayout.replicate_layout 990:Src text UUid:4389073f-e336-41cf-b76a-5d614e5aca20
11-18 18:22:07 com_github_MitjaNemec_ReplicateLayout.replicate_layout 991:Dst text UUid:c033573b-565d-4523-a015-1ebf6d435eec
11-18 18:22:07 com_github_MitjaNemec_ReplicateLayout.replicate_layout 990:Src text UUid:a0c6a61d-b4a3-4513-a8a3-79f35c9ad67c
11-18 18:22:07 com_github_MitjaNemec_ReplicateLayout.replicate_layout 991:Dst text UUid:a4f58924-5d32-4409-ad4e-af7fb8b3d5f9
11-18 18:22:07 com_github_MitjaNemec_ReplicateLayout.replicate_layout 888:Replicating footprint: 'C1414'
11-18 18:22:07 com_github_MitjaNemec_ReplicateLayout.replicate_layout 835:Src fp.id: 'F731A081-DCCE-488F-ADFD-1B06460C29AF'
11-18 18:22:07 com_github_MitjaNemec_ReplicateLayout.replicate_layout 839:Dst fp.id: 'F731A081-DCCE-488F-ADFD-1B06460C29AF'
11-18 18:22:07 com_github_MitjaNemec_ReplicateLayout.replicate_layout 895:found match in dst footprint: 'C1314'
11-18 18:22:07 com_github_MitjaNemec_ReplicateLayout.replicate_layout 990:Src text UUid:8b302c52-5fa7-4ff0-97dd-65255602e724
11-18 18:22:07 com_github_MitjaNemec_ReplicateLayout.replicate_layout 991:Dst text UUid:0ff264fb-8e35-4a13-acf1-6fdebf00f6ae
11-18 18:22:07 com_github_MitjaNemec_ReplicateLayout.replicate_layout 990:Src text UUid:813abf96-fe4e-4be6-9a13-ec91ed0f4ce1
11-18 18:22:07 com_github_MitjaNemec_ReplicateLayout.replicate_layout 991:Dst text UUid:1017b9c9-20aa-488f-8295-54663b5fa613
11-18 18:22:07 com_github_MitjaNemec_ReplicateLayout.replicate_layout 990:Src text UUid:0cd2ddf2-0718-491f-b837-ba5f4f2bbff5
11-18 18:22:07 com_github_MitjaNemec_ReplicateLayout.replicate_layout 991:Dst text UUid:b90963d7-b48c-4eac-9ac6-340f965696b6
11-18 18:22:07 com_github_MitjaNemec_ReplicateLayout.replicate_layout 888:Replicating footprint: 'U1401'
11-18 18:22:07 com_github_MitjaNemec_ReplicateLayout.replicate_layout 835:Src fp.id: '6BDFCD78-ADB4-446C-92B4-B2ADD9ECC266'
11-18 18:22:07 com_github_MitjaNemec_ReplicateLayout.replicate_layout 839:Dst fp.id: '6BDFCD78-ADB4-446C-92B4-B2ADD9ECC266'
11-18 18:22:07 com_github_MitjaNemec_ReplicateLayout.replicate_layout 895:found match in dst footprint: 'U1301'
11-18 18:22:07 com_github_MitjaNemec_ReplicateLayout.replicate_layout 990:Src text UUid:531ea094-f8b9-4f3c-bafd-e4c28489a25f
11-18 18:22:07 com_github_MitjaNemec_ReplicateLayout.replicate_layout 991:Dst text UUid:40badb90-8721-4110-8687-28afb35777aa
11-18 18:22:07 com_github_MitjaNemec_ReplicateLayout.replicate_layout 990:Src text UUid:e46825bd-a099-4510-b8be-9a680d3c0a3e
11-18 18:22:07 com_github_MitjaNemec_ReplicateLayout.replicate_layout 991:Dst text UUid:f08243a3-c922-4056-b079-0076d4c73f54
11-18 18:22:07 com_github_MitjaNemec_ReplicateLayout.replicate_layout 990:Src text UUid:674bda37-0bcf-430c-8a8a-5494d6ee9e89
11-18 18:22:07 com_github_MitjaNemec_ReplicateLayout.replicate_layout 991:Dst text UUid:e4f65a8e-a4e2-4dbd-a97c-9827da2d205e
11-18 18:22:07 com_github_MitjaNemec_ReplicateLayout.replicate_layout 888:Replicating footprint: 'R1406'
11-18 18:22:07 com_github_MitjaNemec_ReplicateLayout.replicate_layout 835:Src fp.id: '7C8A79CD-B579-44C5-9B64-4C555F45DB19'
11-18 18:22:07 com_github_MitjaNemec_ReplicateLayout.replicate_layout 839:Dst fp.id: '7C8A79CD-B579-44C5-9B64-4C555F45DB19'
11-18 18:22:07 com_github_MitjaNemec_ReplicateLayout.replicate_layout 895:found match in dst footprint: 'R1306'
11-18 18:22:07 com_github_MitjaNemec_ReplicateLayout.replicate_layout 990:Src text UUid:1e48af81-e418-4e6b-b3a5-a9b35ed41047
11-18 18:22:07 com_github_MitjaNemec_ReplicateLayout.replicate_layout 991:Dst text UUid:8cd0b7a7-380b-405f-a9a6-c395c356e63f
11-18 18:22:07 com_github_MitjaNemec_ReplicateLayout.replicate_layout 990:Src text UUid:7c3f1828-c578-40da-94a8-f1648416962f
11-18 18:22:07 com_github_MitjaNemec_ReplicateLayout.replicate_layout 991:Dst text UUid:1a18a769-5258-40cb-84e9-b1f5b0aa79b8
11-18 18:22:07 com_github_MitjaNemec_ReplicateLayout.replicate_layout 990:Src text UUid:a8dc6e63-88fb-46fb-9d64-4cee7126e482
11-18 18:22:07 com_github_MitjaNemec_ReplicateLayout.replicate_layout 991:Dst text UUid:22b2ee24-3a0d-4ab0-996b-396d344b4ecb
11-18 18:22:07 com_github_MitjaNemec_ReplicateLayout.replicate_layout 888:Replicating footprint: 'R1408'
11-18 18:22:07 com_github_MitjaNemec_ReplicateLayout.replicate_layout 835:Src fp.id: '4CB64C10-FA77-4E2E-AC42-738F3F254E29'
11-18 18:22:07 com_github_MitjaNemec_ReplicateLayout.replicate_layout 839:Dst fp.id: '4CB64C10-FA77-4E2E-AC42-738F3F254E29'
11-18 18:22:07 com_github_MitjaNemec_ReplicateLayout.replicate_layout 895:found match in dst footprint: 'R1308'
11-18 18:22:07 com_github_MitjaNemec_ReplicateLayout.replicate_layout 990:Src text UUid:52c43b2d-e137-4af6-a53f-f00023b3b7f2
11-18 18:22:07 com_github_MitjaNemec_ReplicateLayout.replicate_layout 991:Dst text UUid:7a27bb21-ea4c-4949-90ed-e38ac913e22b
11-18 18:22:07 com_github_MitjaNemec_ReplicateLayout.replicate_layout 990:Src text UUid:8544e49a-fe2f-4b81-b6d9-2231b10fa726
11-18 18:22:07 com_github_MitjaNemec_ReplicateLayout.replicate_layout 991:Dst text UUid:f42a88bc-747b-4bc0-b8aa-d04210c4b5d4
11-18 18:22:07 com_github_MitjaNemec_ReplicateLayout.replicate_layout 990:Src text UUid:1fe77b3a-eed8-4bbc-9ab1-ac2de6df613e
11-18 18:22:07 com_github_MitjaNemec_ReplicateLayout.replicate_layout 991:Dst text UUid:e6d9ab4c-d601-4d5a-8a9f-6556b6ab8d9a
11-18 18:22:07 com_github_MitjaNemec_ReplicateLayout.replicate_layout 888:Replicating footprint: 'C1407'
11-18 18:22:07 com_github_MitjaNemec_ReplicateLayout.replicate_layout 835:Src fp.id: 'B3FDD74A-E00B-4AC6-B531-930CE876CDDC'
11-18 18:22:07 com_github_MitjaNemec_ReplicateLayout.replicate_layout 839:Dst fp.id: 'B3FDD74A-E00B-4AC6-B531-930CE876CDDC'
11-18 18:22:07 com_github_MitjaNemec_ReplicateLayout.replicate_layout 895:found match in dst footprint: 'C1307'
11-18 18:22:07 com_github_MitjaNemec_ReplicateLayout.replicate_layout 990:Src text UUid:4b55c746-3572-43e0-ab20-d9aadac5d94e
11-18 18:22:07 com_github_MitjaNemec_ReplicateLayout.replicate_layout 991:Dst text UUid:712486f2-d7e6-475b-acf3-76fd1af0f4cb
11-18 18:22:07 com_github_MitjaNemec_ReplicateLayout.replicate_layout 990:Src text UUid:cc27ade6-255a-41a5-aeb8-2710cc831883
11-18 18:22:07 com_github_MitjaNemec_ReplicateLayout.replicate_layout 991:Dst text UUid:a74f330b-6440-4f8c-b9e8-a4716298c2f6
11-18 18:22:07 com_github_MitjaNemec_ReplicateLayout.replicate_layout 990:Src text UUid:b779d4df-953d-42f1-b9c7-f588f2981338
11-18 18:22:07 com_github_MitjaNemec_ReplicateLayout.replicate_layout 991:Dst text UUid:c57ae417-4673-4d6a-937a-b90cd7aeffbc
11-18 18:22:07 com_github_MitjaNemec_ReplicateLayout.replicate_layout 888:Replicating footprint: 'R1401'
11-18 18:22:07 com_github_MitjaNemec_ReplicateLayout.replicate_layout 835:Src fp.id: '883CCD34-7DFA-412E-B708-6CE707214F52'
11-18 18:22:07 com_github_MitjaNemec_ReplicateLayout.replicate_layout 839:Dst fp.id: '883CCD34-7DFA-412E-B708-6CE707214F52'
11-18 18:22:07 com_github_MitjaNemec_ReplicateLayout.replicate_layout 895:found match in dst footprint: 'R1301'
11-18 18:22:07 com_github_MitjaNemec_ReplicateLayout.replicate_layout 990:Src text UUid:4a36e008-c212-40a8-b087-9c4712b7d0a9
11-18 18:22:07 com_github_MitjaNemec_ReplicateLayout.replicate_layout 991:Dst text UUid:e44ccb19-171b-4b66-9182-a18f8aba6551
11-18 18:22:07 com_github_MitjaNemec_ReplicateLayout.replicate_layout 990:Src text UUid:a9de75a6-4932-49de-86ca-de9d26df105a
11-18 18:22:07 com_github_MitjaNemec_ReplicateLayout.replicate_layout 991:Dst text UUid:bba09991-a68d-4450-96ec-25067af00b8d
11-18 18:22:07 com_github_MitjaNemec_ReplicateLayout.replicate_layout 990:Src text UUid:378c6951-a4e8-4fba-9fc1-0cea1d9c123e
11-18 18:22:07 com_github_MitjaNemec_ReplicateLayout.replicate_layout 991:Dst text UUid:d14a28f0-2ff9-45ae-8cbd-f97988153662
11-18 18:22:07 com_github_MitjaNemec_ReplicateLayout.replicate_layout 888:Replicating footprint: 'R1407'
11-18 18:22:07 com_github_MitjaNemec_ReplicateLayout.replicate_layout 835:Src fp.id: '95B317C3-BA8C-4A74-91F4-5EB1408B5112'
11-18 18:22:07 com_github_MitjaNemec_ReplicateLayout.replicate_layout 839:Dst fp.id: '95B317C3-BA8C-4A74-91F4-5EB1408B5112'
11-18 18:22:07 com_github_MitjaNemec_ReplicateLayout.replicate_layout 895:found match in dst footprint: 'R1307'
11-18 18:22:07 com_github_MitjaNemec_ReplicateLayout.replicate_layout 990:Src text UUid:602a636a-d43c-49d0-88c6-9d02e5fb4da0
11-18 18:22:07 com_github_MitjaNemec_ReplicateLayout.replicate_layout 991:Dst text UUid:2bf7153a-42b9-4a8f-bae8-70ef33664f86
11-18 18:22:07 com_github_MitjaNemec_ReplicateLayout.replicate_layout 990:Src text UUid:c14ff572-f6d7-49d2-952c-51f6d0f10bb5
11-18 18:22:07 com_github_MitjaNemec_ReplicateLayout.replicate_layout 991:Dst text UUid:83a823d4-f926-43fc-a213-a251692b6918
11-18 18:22:07 com_github_MitjaNemec_ReplicateLayout.replicate_layout 990:Src text UUid:8194ecbb-a2d9-4602-b2e5-fdd7726f07ae
11-18 18:22:07 com_github_MitjaNemec_ReplicateLayout.replicate_layout 991:Dst text UUid:1429adc2-67cf-4401-b16a-51d93f53bec0
11-18 18:22:07 com_github_MitjaNemec_ReplicateLayout.replicate_layout 888:Replicating footprint: 'C1410'
11-18 18:22:07 com_github_MitjaNemec_ReplicateLayout.replicate_layout 835:Src fp.id: '612F0471-9651-44BF-971A-79FA3D33B80D'
11-18 18:22:07 com_github_MitjaNemec_ReplicateLayout.replicate_layout 839:Dst fp.id: '612F0471-9651-44BF-971A-79FA3D33B80D'
11-18 18:22:07 com_github_MitjaNemec_ReplicateLayout.replicate_layout 895:found match in dst footprint: 'C1310'
11-18 18:22:07 com_github_MitjaNemec_ReplicateLayout.replicate_layout 990:Src text UUid:f9bd3448-fa54-4d7c-983b-2148097601da
11-18 18:22:07 com_github_MitjaNemec_ReplicateLayout.replicate_layout 991:Dst text UUid:f9b037fa-fc72-4571-8987-c54a0c726ea4
11-18 18:22:07 com_github_MitjaNemec_ReplicateLayout.replicate_layout 990:Src text UUid:3bb4c1fb-99e0-42f7-9a6a-3ded25f31677
11-18 18:22:07 com_github_MitjaNemec_ReplicateLayout.replicate_layout 991:Dst text UUid:ecebda98-6ed1-4146-92c7-464ccf2eb64c
11-18 18:22:07 com_github_MitjaNemec_ReplicateLayout.replicate_layout 990:Src text UUid:aabe3d07-cc19-4e40-be8c-3f592cf9125e
11-18 18:22:07 com_github_MitjaNemec_ReplicateLayout.replicate_layout 991:Dst text UUid:d7560229-ca58-4921-87c9-124610796b21
11-18 18:22:07 com_github_MitjaNemec_ReplicateLayout.replicate_layout 888:Replicating footprint: 'R1405'
11-18 18:22:07 com_github_MitjaNemec_ReplicateLayout.replicate_layout 835:Src fp.id: '226B1395-A685-4E05-8F0D-AE4001A92CD4'
11-18 18:22:07 com_github_MitjaNemec_ReplicateLayout.replicate_layout 839:Dst fp.id: '226B1395-A685-4E05-8F0D-AE4001A92CD4'
11-18 18:22:07 com_github_MitjaNemec_ReplicateLayout.replicate_layout 895:found match in dst footprint: 'R1305'
11-18 18:22:07 com_github_MitjaNemec_ReplicateLayout.replicate_layout 990:Src text UUid:d366258b-e7cf-43f4-85cf-1ecb2b85380a
11-18 18:22:07 com_github_MitjaNemec_ReplicateLayout.replicate_layout 991:Dst text UUid:7713dbc3-fa1a-48e1-93b6-734aa23a5a31
11-18 18:22:07 com_github_MitjaNemec_ReplicateLayout.replicate_layout 990:Src text UUid:f585d1cd-7d9e-4eb7-abb1-668b2e339b72
11-18 18:22:07 com_github_MitjaNemec_ReplicateLayout.replicate_layout 991:Dst text UUid:e4905a44-54f5-432d-a800-54c44fb05696
11-18 18:22:07 com_github_MitjaNemec_ReplicateLayout.replicate_layout 990:Src text UUid:eb49b89d-d94a-4382-9faf-d98fa94290ad
11-18 18:22:07 com_github_MitjaNemec_ReplicateLayout.replicate_layout 991:Dst text UUid:dccb2ff3-c3ac-472f-9973-495c53d32834
11-18 18:22:07 com_github_MitjaNemec_ReplicateLayout.replicate_layout 888:Replicating footprint: 'C1403'
11-18 18:22:07 root 345:updating GUI with: 94
11-18 18:22:07 com_github_MitjaNemec_ReplicateLayout.replicate_layout 835:Src fp.id: 'D38DA9E3-88D6-4A2F-872A-E7B4EB126E80'
11-18 18:22:07 com_github_MitjaNemec_ReplicateLayout.replicate_layout 839:Dst fp.id: 'D38DA9E3-88D6-4A2F-872A-E7B4EB126E80'
11-18 18:22:07 com_github_MitjaNemec_ReplicateLayout.replicate_layout 895:found match in dst footprint: 'C1303'
11-18 18:22:07 com_github_MitjaNemec_ReplicateLayout.replicate_layout 990:Src text UUid:52bc6138-a2ef-4cdd-abc5-ef2864f0b5e9
11-18 18:22:07 com_github_MitjaNemec_ReplicateLayout.replicate_layout 991:Dst text UUid:767c26e0-594e-450d-b797-d320c8c0e35a
11-18 18:22:07 com_github_MitjaNemec_ReplicateLayout.replicate_layout 990:Src text UUid:589f4e38-225c-4b51-a9f4-b2e4d13b1244
11-18 18:22:07 com_github_MitjaNemec_ReplicateLayout.replicate_layout 991:Dst text UUid:b513e500-72ee-4d5f-8aaf-d34fce708ace
11-18 18:22:07 com_github_MitjaNemec_ReplicateLayout.replicate_layout 990:Src text UUid:281b72d1-6f7d-495c-8866-d45cb1a1ac78
11-18 18:22:07 com_github_MitjaNemec_ReplicateLayout.replicate_layout 991:Dst text UUid:30729949-c3e6-472d-aaeb-ae9d28790718
11-18 18:22:07 com_github_MitjaNemec_ReplicateLayout.replicate_layout 888:Replicating footprint: 'R1410'
11-18 18:22:07 com_github_MitjaNemec_ReplicateLayout.replicate_layout 835:Src fp.id: '5438D715-A182-4809-9E57-330DA0CA6AF6'
11-18 18:22:07 com_github_MitjaNemec_ReplicateLayout.replicate_layout 839:Dst fp.id: '5438D715-A182-4809-9E57-330DA0CA6AF6'
11-18 18:22:07 com_github_MitjaNemec_ReplicateLayout.replicate_layout 895:found match in dst footprint: 'R1310'
11-18 18:22:07 com_github_MitjaNemec_ReplicateLayout.replicate_layout 990:Src text UUid:6acfa6dc-b902-4507-9387-fb3f4ea08a43
11-18 18:22:07 com_github_MitjaNemec_ReplicateLayout.replicate_layout 991:Dst text UUid:609c3aa2-9c82-4b31-9712-dbde22e62d46
11-18 18:22:07 com_github_MitjaNemec_ReplicateLayout.replicate_layout 990:Src text UUid:c4114216-f95b-4882-b8bc-aa1881ceaf79
11-18 18:22:07 com_github_MitjaNemec_ReplicateLayout.replicate_layout 991:Dst text UUid:d3431ea6-bf4b-4b1b-9d93-dca7f9caf1ae
11-18 18:22:07 com_github_MitjaNemec_ReplicateLayout.replicate_layout 990:Src text UUid:a2cf3899-a516-434b-9753-9ec6dcf6d3db
11-18 18:22:07 com_github_MitjaNemec_ReplicateLayout.replicate_layout 991:Dst text UUid:a80d0f53-3e56-4af1-a179-b16e6b82a709
11-18 18:22:07 com_github_MitjaNemec_ReplicateLayout.replicate_layout 888:Replicating footprint: 'C1404'
11-18 18:22:07 com_github_MitjaNemec_ReplicateLayout.replicate_layout 835:Src fp.id: 'EC3EA28C-E4DC-47BE-8F8B-FB296CF55431'
11-18 18:22:07 com_github_MitjaNemec_ReplicateLayout.replicate_layout 839:Dst fp.id: 'EC3EA28C-E4DC-47BE-8F8B-FB296CF55431'
11-18 18:22:07 com_github_MitjaNemec_ReplicateLayout.replicate_layout 895:found match in dst footprint: 'C1304'
11-18 18:22:07 com_github_MitjaNemec_ReplicateLayout.replicate_layout 990:Src text UUid:3da8e13e-e639-4df2-9468-1610f8473801
11-18 18:22:07 com_github_MitjaNemec_ReplicateLayout.replicate_layout 991:Dst text UUid:9104e308-f647-4f6a-a185-daf881d528f1
11-18 18:22:07 com_github_MitjaNemec_ReplicateLayout.replicate_layout 990:Src text UUid:704f0fe4-12e5-48bc-9b90-a0e2f9b5a923
11-18 18:22:07 com_github_MitjaNemec_ReplicateLayout.replicate_layout 991:Dst text UUid:f88e196c-b903-432e-91e5-f9c89f370509
11-18 18:22:07 com_github_MitjaNemec_ReplicateLayout.replicate_layout 990:Src text UUid:ef70f699-aaae-4b7d-b032-aac50b029a71
11-18 18:22:07 com_github_MitjaNemec_ReplicateLayout.replicate_layout 991:Dst text UUid:1736e289-ff77-4cf0-b948-e993ab33f1e4
11-18 18:22:07 com_github_MitjaNemec_ReplicateLayout.replicate_layout 888:Replicating footprint: 'C1401'
11-18 18:22:07 com_github_MitjaNemec_ReplicateLayout.replicate_layout 835:Src fp.id: '0AF5E044-97C8-414E-A759-E43370C2D6AD'
11-18 18:22:07 com_github_MitjaNemec_ReplicateLayout.replicate_layout 839:Dst fp.id: '0AF5E044-97C8-414E-A759-E43370C2D6AD'
11-18 18:22:07 com_github_MitjaNemec_ReplicateLayout.replicate_layout 895:found match in dst footprint: 'C1301'
11-18 18:22:07 com_github_MitjaNemec_ReplicateLayout.replicate_layout 990:Src text UUid:17f4fdd5-2c03-4002-93aa-aa3ba1494199
11-18 18:22:07 com_github_MitjaNemec_ReplicateLayout.replicate_layout 991:Dst text UUid:a0836e93-019d-41df-9282-47b987441430
11-18 18:22:07 com_github_MitjaNemec_ReplicateLayout.replicate_layout 990:Src text UUid:aaba2534-ae6f-4048-a813-904b11ed5db5
11-18 18:22:07 com_github_MitjaNemec_ReplicateLayout.replicate_layout 991:Dst text UUid:0230d18a-6998-4bd5-8695-d567a7536ea5
11-18 18:22:07 com_github_MitjaNemec_ReplicateLayout.replicate_layout 990:Src text UUid:630eba01-2297-4b6d-8dc7-dc73eb633b28
11-18 18:22:07 com_github_MitjaNemec_ReplicateLayout.replicate_layout 991:Dst text UUid:e40cafae-ae0e-4156-827e-463c562cb0b4
11-18 18:22:07 com_github_MitjaNemec_ReplicateLayout.replicate_layout 888:Replicating footprint: 'C1405'
11-18 18:22:07 com_github_MitjaNemec_ReplicateLayout.replicate_layout 835:Src fp.id: '36F927C0-5F94-4901-869D-49FA465260D7'
11-18 18:22:07 com_github_MitjaNemec_ReplicateLayout.replicate_layout 839:Dst fp.id: '36F927C0-5F94-4901-869D-49FA465260D7'
11-18 18:22:07 com_github_MitjaNemec_ReplicateLayout.replicate_layout 895:found match in dst footprint: 'C1305'
11-18 18:22:07 com_github_MitjaNemec_ReplicateLayout.replicate_layout 990:Src text UUid:df0d830d-5fa7-4215-90a7-c678bcd3c575
11-18 18:22:07 com_github_MitjaNemec_ReplicateLayout.replicate_layout 991:Dst text UUid:93d0afc5-7bab-4d16-9a13-12a037def74e
11-18 18:22:07 com_github_MitjaNemec_ReplicateLayout.replicate_layout 990:Src text UUid:388b1c7c-3e67-40aa-be3c-d65c7b7c740b
11-18 18:22:07 com_github_MitjaNemec_ReplicateLayout.replicate_layout 991:Dst text UUid:7f7988ad-b0ce-4418-89dd-57e12bf1d60b
11-18 18:22:07 com_github_MitjaNemec_ReplicateLayout.replicate_layout 990:Src text UUid:fb9ecc94-b7a4-48f6-a724-0ddac10a7040
11-18 18:22:07 com_github_MitjaNemec_ReplicateLayout.replicate_layout 991:Dst text UUid:043fcd0e-4abb-4cba-a1b3-4a6e9bdfbeb9
11-18 18:22:07 root 340:updating GUI message: 'Replicating tracks'
11-18 18:22:07 com_github_MitjaNemec_ReplicateLayout.replicate_layout 1014:Replicating tracks
11-18 18:22:07 com_github_MitjaNemec_ReplicateLayout.replicate_layout 1020:Replicating tracks on sheet ['/Rx Front End/', '/Rx Front End/QSD1/']
11-18 18:22:07 com_github_MitjaNemec_ReplicateLayout.replicate_layout 835:Src fp.id: 'BB7F9B04-B5E0-487F-9DFA-0579D13220E1'
11-18 18:22:07 com_github_MitjaNemec_ReplicateLayout.replicate_layout 839:Dst fp.id: 'BB7F9B04-B5E0-487F-9DFA-0579D13220E1'
11-18 18:22:07 com_github_MitjaNemec_ReplicateLayout.replicate_layout 792:Net pairs for sheet ['/Rx Front End/', '/Rx Front End/QSD1/'] :[('Net-(U1403-OUTB)', 'Net-(U1203-OUTB)'), ('/Rx Front End/RxI0n', '/Rx Front End/RxI1n'), ('Net-(U1404-INA-)', 'Net-(U1204-INA-)'), ('Net-(U1403-INB)', 'Net-(U1203-INB)'), ('/FPGA/Ctrl.qsdPh2d', '/FPGA/Ctrl.qsdPh2d'), ('/Rx Front End/RxI0p', '/Rx Front End/RxI1p'), ('/FPGA/Ctrl.qsdPh0a', '/FPGA/Ctrl.qsdPh1a'), ('/FPGA/Ctrl.qsdMOSI', '/FPGA/Ctrl.qsdMOSI'), ('Net-(U1402-COM2)', 'Net-(U1202-COM2)'), ('Net-(U1402-COM4)', 'Net-(U1202-COM4)'), ('+3.3VA', '+3.3VA'), ('Net-(U1404-OUTB)', 'Net-(U1204-OUTB)'), ('/Rx Front End/RxQ0n', '/Rx Front End/RxQ1n'), ('Net-(U1404-OUTA)', 'Net-(U1204-OUTA)'), ('Net-(U1403-INA-)', 'Net-(U1203-INA-)'), ('Net-(U1403-INA+)', 'Net-(U1203-INA+)'), ('GND', 'GND'), ('/FPGA/Ctrl.qsdPh2c', '/FPGA/Ctrl.qsdPh2c'), ('/FPGA/Ctrl.qsdNSS', '/FPGA/Ctrl.qsdNSS'), ('/Rx Front End/RxQ0p', '/Rx Front End/RxQ1p'), ('/FPGA/Ctrl.qsdPh2b', '/FPGA/Ctrl.qsdPh2b'), ('Net-(U1403-OUTA)', 'Net-(U1203-OUTA)'), ('/FPGA/Ctrl.qsdSCK', '/FPGA/Ctrl.qsdSCK'), ('+5VA', '+5VA'), ('/Rx Front End/QSD0/rfIn', '/Rx Front End/QSD1/rfIn'), ('Net-(U1404-INB)', 'Net-(U1204-INB)'), ('Net-(U1404-INA+)', 'Net-(U1204-INA+)'), ('Net-(U1402-COM3)', 'Net-(U1202-COM3)'), ('Net-(U1402-COM1)', 'Net-(U1202-COM1)')]
11-18 18:22:07 com_github_MitjaNemec_ReplicateLayout.replicate_layout 1020:Replicating tracks on sheet ['/Rx Front End/', '/Rx Front End/QSD2/']
11-18 18:22:07 com_github_MitjaNemec_ReplicateLayout.replicate_layout 835:Src fp.id: 'BB7F9B04-B5E0-487F-9DFA-0579D13220E1'
11-18 18:22:07 com_github_MitjaNemec_ReplicateLayout.replicate_layout 839:Dst fp.id: 'BB7F9B04-B5E0-487F-9DFA-0579D13220E1'
11-18 18:22:07 com_github_MitjaNemec_ReplicateLayout.replicate_layout 792:Net pairs for sheet ['/Rx Front End/', '/Rx Front End/QSD2/'] :[('Net-(U1402-COM3)', 'Net-(U1302-COM3)'), ('/Rx Front End/RxI0n', '/Rx Front End/RxI2n'), ('Net-(U1403-OUTB)', 'Net-(U1303-OUTB)'), ('/FPGA/Ctrl.qsdPh2d', '/FPGA/Ctrl.qsdPh2d'), ('/Rx Front End/RxI0p', '/Rx Front End/RxI2p'), ('Net-(U1404-OUTB)', 'Net-(U1304-OUTB)'), ('/FPGA/Ctrl.qsdMOSI', '/FPGA/Ctrl.qsdMOSI'), ('Net-(U1404-OUTA)', 'Net-(U1304-OUTA)'), ('Net-(U1404-INA+)', 'Net-(U1304-INA+)'), ('/Rx Front End/QSD0/rfIn', '/Rx Front End/QSD2/rfIn'), ('Net-(U1404-INA-)', 'Net-(U1304-INA-)'), ('+3.3VA', '+3.3VA'), ('Net-(U1402-COM1)', 'Net-(U1302-COM1)'), ('Net-(U1402-COM2)', 'Net-(U1302-COM2)'), ('Net-(U1403-INA-)', 'Net-(U1303-INA-)'), ('Net-(U1404-INB)', 'Net-(U1304-INB)'), ('Net-(U1403-INA+)', 'Net-(U1303-INA+)'), ('GND', 'GND'), ('/FPGA/Ctrl.qsdPh2c', '/FPGA/Ctrl.qsdPh2c'), ('/FPGA/Ctrl.qsdNSS', '/FPGA/Ctrl.qsdNSS'), ('/FPGA/Ctrl.qsdPh0a', '/FPGA/Ctrl.qsdPh2a'), ('Net-(U1403-INB)', 'Net-(U1303-INB)'), ('/FPGA/Ctrl.qsdPh2b', '/FPGA/Ctrl.qsdPh2b'), ('Net-(U1403-OUTA)', 'Net-(U1303-OUTA)'), ('/FPGA/Ctrl.qsdSCK', '/FPGA/Ctrl.qsdSCK'), ('+5VA', '+5VA'), ('/Rx Front End/RxQ0p', '/Rx Front End/RxQ2p'), ('Net-(U1402-COM4)', 'Net-(U1302-COM4)'), ('/Rx Front End/RxQ0n', '/Rx Front End/RxQ2n')]
11-18 18:22:07 root 345:updating GUI with: 53
11-18 18:22:07 root 340:updating GUI message: 'Replicating zones'
11-18 18:22:07 com_github_MitjaNemec_ReplicateLayout.replicate_layout 1084:Replicating zones
11-18 18:22:07 com_github_MitjaNemec_ReplicateLayout.replicate_layout 1091:Replicating zones on sheet ['/Rx Front End/', '/Rx Front End/QSD1/']
11-18 18:22:07 com_github_MitjaNemec_ReplicateLayout.replicate_layout 835:Src fp.id: 'BB7F9B04-B5E0-487F-9DFA-0579D13220E1'
11-18 18:22:07 com_github_MitjaNemec_ReplicateLayout.replicate_layout 839:Dst fp.id: 'BB7F9B04-B5E0-487F-9DFA-0579D13220E1'
11-18 18:22:07 com_github_MitjaNemec_ReplicateLayout.replicate_layout 792:Net pairs for sheet ['/Rx Front End/', '/Rx Front End/QSD1/'] :[('Net-(U1403-OUTB)', 'Net-(U1203-OUTB)'), ('/Rx Front End/RxI0n', '/Rx Front End/RxI1n'), ('Net-(U1404-INA-)', 'Net-(U1204-INA-)'), ('Net-(U1403-INB)', 'Net-(U1203-INB)'), ('/FPGA/Ctrl.qsdPh2d', '/FPGA/Ctrl.qsdPh2d'), ('/Rx Front End/RxI0p', '/Rx Front End/RxI1p'), ('/FPGA/Ctrl.qsdPh0a', '/FPGA/Ctrl.qsdPh1a'), ('/FPGA/Ctrl.qsdMOSI', '/FPGA/Ctrl.qsdMOSI'), ('Net-(U1402-COM2)', 'Net-(U1202-COM2)'), ('Net-(U1402-COM4)', 'Net-(U1202-COM4)'), ('+3.3VA', '+3.3VA'), ('Net-(U1404-OUTB)', 'Net-(U1204-OUTB)'), ('/Rx Front End/RxQ0n', '/Rx Front End/RxQ1n'), ('Net-(U1404-OUTA)', 'Net-(U1204-OUTA)'), ('Net-(U1403-INA-)', 'Net-(U1203-INA-)'), ('Net-(U1403-INA+)', 'Net-(U1203-INA+)'), ('GND', 'GND'), ('/FPGA/Ctrl.qsdPh2c', '/FPGA/Ctrl.qsdPh2c'), ('/FPGA/Ctrl.qsdNSS', '/FPGA/Ctrl.qsdNSS'), ('/Rx Front End/RxQ0p', '/Rx Front End/RxQ1p'), ('/FPGA/Ctrl.qsdPh2b', '/FPGA/Ctrl.qsdPh2b'), ('Net-(U1403-OUTA)', 'Net-(U1203-OUTA)'), ('/FPGA/Ctrl.qsdSCK', '/FPGA/Ctrl.qsdSCK'), ('+5VA', '+5VA'), ('/Rx Front End/QSD0/rfIn', '/Rx Front End/QSD1/rfIn'), ('Net-(U1404-INB)', 'Net-(U1204-INB)'), ('Net-(U1404-INA+)', 'Net-(U1204-INA+)'), ('Net-(U1402-COM3)', 'Net-(U1202-COM3)'), ('Net-(U1402-COM1)', 'Net-(U1202-COM1)')]
11-18 18:22:07 com_github_MitjaNemec_ReplicateLayout.replicate_layout 1091:Replicating zones on sheet ['/Rx Front End/', '/Rx Front End/QSD2/']
11-18 18:22:07 com_github_MitjaNemec_ReplicateLayout.replicate_layout 835:Src fp.id: 'BB7F9B04-B5E0-487F-9DFA-0579D13220E1'
11-18 18:22:07 com_github_MitjaNemec_ReplicateLayout.replicate_layout 839:Dst fp.id: 'BB7F9B04-B5E0-487F-9DFA-0579D13220E1'
11-18 18:22:07 com_github_MitjaNemec_ReplicateLayout.replicate_layout 792:Net pairs for sheet ['/Rx Front End/', '/Rx Front End/QSD2/'] :[('Net-(U1402-COM3)', 'Net-(U1302-COM3)'), ('/Rx Front End/RxI0n', '/Rx Front End/RxI2n'), ('Net-(U1403-OUTB)', 'Net-(U1303-OUTB)'), ('/FPGA/Ctrl.qsdPh2d', '/FPGA/Ctrl.qsdPh2d'), ('/Rx Front End/RxI0p', '/Rx Front End/RxI2p'), ('Net-(U1404-OUTB)', 'Net-(U1304-OUTB)'), ('/FPGA/Ctrl.qsdMOSI', '/FPGA/Ctrl.qsdMOSI'), ('Net-(U1404-OUTA)', 'Net-(U1304-OUTA)'), ('Net-(U1404-INA+)', 'Net-(U1304-INA+)'), ('/Rx Front End/QSD0/rfIn', '/Rx Front End/QSD2/rfIn'), ('Net-(U1404-INA-)', 'Net-(U1304-INA-)'), ('+3.3VA', '+3.3VA'), ('Net-(U1402-COM1)', 'Net-(U1302-COM1)'), ('Net-(U1402-COM2)', 'Net-(U1302-COM2)'), ('Net-(U1403-INA-)', 'Net-(U1303-INA-)'), ('Net-(U1404-INB)', 'Net-(U1304-INB)'), ('Net-(U1403-INA+)', 'Net-(U1303-INA+)'), ('GND', 'GND'), ('/FPGA/Ctrl.qsdPh2c', '/FPGA/Ctrl.qsdPh2c'), ('/FPGA/Ctrl.qsdNSS', '/FPGA/Ctrl.qsdNSS'), ('/FPGA/Ctrl.qsdPh0a', '/FPGA/Ctrl.qsdPh2a'), ('Net-(U1403-INB)', 'Net-(U1303-INB)'), ('/FPGA/Ctrl.qsdPh2b', '/FPGA/Ctrl.qsdPh2b'), ('Net-(U1403-OUTA)', 'Net-(U1303-OUTA)'), ('/FPGA/Ctrl.qsdSCK', '/FPGA/Ctrl.qsdSCK'), ('+5VA', '+5VA'), ('/Rx Front End/RxQ0p', '/Rx Front End/RxQ2p'), ('Net-(U1402-COM4)', 'Net-(U1302-COM4)'), ('/Rx Front End/RxQ0n', '/Rx Front End/RxQ2n')]
11-18 18:22:07 root 340:updating GUI message: 'Replicating text'
11-18 18:22:07 com_github_MitjaNemec_ReplicateLayout.replicate_layout 1173:Replicating text
11-18 18:22:07 root 345:updating GUI with: 0
11-18 18:22:07 com_github_MitjaNemec_ReplicateLayout.replicate_layout 1180:Replicating text on sheet ['/Rx Front End/', '/Rx Front End/QSD1/']
11-18 18:22:07 com_github_MitjaNemec_ReplicateLayout.replicate_layout 835:Src fp.id: 'BB7F9B04-B5E0-487F-9DFA-0579D13220E1'
11-18 18:22:07 com_github_MitjaNemec_ReplicateLayout.replicate_layout 839:Dst fp.id: 'BB7F9B04-B5E0-487F-9DFA-0579D13220E1'
11-18 18:22:07 com_github_MitjaNemec_ReplicateLayout.replicate_layout 1180:Replicating text on sheet ['/Rx Front End/', '/Rx Front End/QSD2/']
11-18 18:22:07 com_github_MitjaNemec_ReplicateLayout.replicate_layout 835:Src fp.id: 'BB7F9B04-B5E0-487F-9DFA-0579D13220E1'
11-18 18:22:07 com_github_MitjaNemec_ReplicateLayout.replicate_layout 839:Dst fp.id: 'BB7F9B04-B5E0-487F-9DFA-0579D13220E1'
11-18 18:22:07 root 340:updating GUI message: 'Replicating drawings'
11-18 18:22:07 com_github_MitjaNemec_ReplicateLayout.replicate_layout 1224:Replicating drawings
11-18 18:22:07 com_github_MitjaNemec_ReplicateLayout.replicate_layout 1230:Replicating drawings on sheet ['/Rx Front End/', '/Rx Front End/QSD1/']
11-18 18:22:07 com_github_MitjaNemec_ReplicateLayout.replicate_layout 835:Src fp.id: 'BB7F9B04-B5E0-487F-9DFA-0579D13220E1'
11-18 18:22:07 com_github_MitjaNemec_ReplicateLayout.replicate_layout 839:Dst fp.id: 'BB7F9B04-B5E0-487F-9DFA-0579D13220E1'
11-18 18:22:07 com_github_MitjaNemec_ReplicateLayout.replicate_layout 1230:Replicating drawings on sheet ['/Rx Front End/', '/Rx Front End/QSD2/']
11-18 18:22:07 com_github_MitjaNemec_ReplicateLayout.replicate_layout 835:Src fp.id: 'BB7F9B04-B5E0-487F-9DFA-0579D13220E1'
11-18 18:22:07 com_github_MitjaNemec_ReplicateLayout.replicate_layout 839:Dst fp.id: 'BB7F9B04-B5E0-487F-9DFA-0579D13220E1'
11-18 18:22:08 com_github_MitjaNemec_ReplicateLayout.action_replicate_layout 264:Replication complete
